pybullet build time: Oct 21 2025 11:46:21
argv[0]=--background_color_red=0.9607843160629272
argv[1]=--background_color_green=0.9607843160629272
argv[2]=--background_color_blue=0.9607843160629272
A train_seed=17 scene=30000 success=True xy_error=2.57mm
A train_seed=17 scene=30001 success=True xy_error=2.24mm
A train_seed=17 scene=30002 success=True xy_error=2.64mm
A train_seed=17 scene=30003 success=True xy_error=1.65mm
A train_seed=17 scene=30004 success=True xy_error=1.35mm
A train_seed=17 scene=30005 success=True xy_error=2.65mm
A train_seed=17 scene=30006 success=True xy_error=2.31mm
A train_seed=17 scene=30007 success=True xy_error=1.50mm
A train_seed=17 scene=30008 success=True xy_error=2.69mm
A train_seed=17 scene=30009 success=True xy_error=1.81mm
A train_seed=17 scene=30010 success=True xy_error=3.50mm
A train_seed=17 scene=30011 success=True xy_error=1.65mm
A train_seed=17 scene=30012 success=True xy_error=1.65mm
A train_seed=17 scene=30013 success=True xy_error=2.51mm
A train_seed=17 scene=30014 success=True xy_error=0.54mm
A train_seed=17 scene=30015 success=True xy_error=1.62mm
A train_seed=17 scene=30016 success=True xy_error=1.83mm
A train_seed=17 scene=30017 success=True xy_error=2.41mm
A train_seed=17 scene=30018 success=True xy_error=3.33mm
A train_seed=17 scene=30019 success=True xy_error=1.97mm
A train_seed=17 scene=30020 success=True xy_error=3.65mm
A train_seed=17 scene=30021 success=True xy_error=1.91mm
A train_seed=17 scene=30022 success=True xy_error=2.52mm
A train_seed=17 scene=30023 success=True xy_error=0.39mm
A train_seed=17 scene=30024 success=True xy_error=0.61mm
A train_seed=17 scene=30025 success=True xy_error=1.80mm
A train_seed=17 scene=30026 success=True xy_error=2.76mm
A train_seed=17 scene=30027 success=True xy_error=1.73mm
A train_seed=17 scene=30028 success=True xy_error=3.26mm
A train_seed=17 scene=30029 success=True xy_error=2.21mm
A train_seed=17 scene=30030 success=True xy_error=0.83mm
A train_seed=17 scene=30031 success=True xy_error=1.36mm
A train_seed=17 scene=30032 success=True xy_error=2.02mm
A train_seed=17 scene=30033 success=True xy_error=2.65mm
A train_seed=17 scene=30034 success=True xy_error=1.23mm
A train_seed=17 scene=30035 success=True xy_error=3.28mm
A train_seed=17 scene=30036 success=True xy_error=2.09mm
A train_seed=17 scene=30037 success=True xy_error=3.08mm
A train_seed=17 scene=30038 success=True xy_error=2.10mm
A train_seed=17 scene=30039 success=True xy_error=0.29mm
A train_seed=17 scene=30040 success=True xy_error=3.10mm
A train_seed=17 scene=30041 success=True xy_error=1.61mm
A train_seed=17 scene=30042 success=True xy_error=1.92mm
A train_seed=17 scene=30043 success=True xy_error=0.92mm
A train_seed=17 scene=30044 success=True xy_error=1.93mm
A train_seed=17 scene=30045 success=True xy_error=0.58mm
A train_seed=17 scene=30046 success=True xy_error=0.97mm
A train_seed=17 scene=30047 success=True xy_error=0.59mm
A train_seed=17 scene=30048 success=True xy_error=2.17mm
A train_seed=17 scene=30049 success=True xy_error=3.86mm
A train_seed=17 scene=30050 success=True xy_error=1.32mm
A train_seed=17 scene=30051 success=True xy_error=1.74mm
A train_seed=17 scene=30052 success=True xy_error=1.52mm
A train_seed=17 scene=30053 success=True xy_error=2.94mm
A train_seed=17 scene=30054 success=True xy_error=2.02mm
A train_seed=17 scene=30055 success=True xy_error=1.77mm
A train_seed=17 scene=30056 success=True xy_error=2.44mm
A train_seed=17 scene=30057 success=True xy_error=1.98mm
A train_seed=17 scene=30058 success=True xy_error=3.53mm
A train_seed=17 scene=30059 success=True xy_error=1.68mm
A train_seed=17 scene=30060 success=True xy_error=2.13mm
A train_seed=17 scene=30061 success=True xy_error=2.35mm
A train_seed=17 scene=30062 success=True xy_error=2.77mm
A train_seed=17 scene=30063 success=True xy_error=3.06mm
B train_seed=17 scene=30000 success=True xy_error=1.78mm
B train_seed=17 scene=30001 success=True xy_error=1.94mm
B train_seed=17 scene=30002 success=True xy_error=3.98mm
B train_seed=17 scene=30003 success=True xy_error=1.88mm
B train_seed=17 scene=30004 success=True xy_error=0.59mm
B train_seed=17 scene=30005 success=True xy_error=2.19mm
B train_seed=17 scene=30006 success=True xy_error=4.22mm
B train_seed=17 scene=30007 success=True xy_error=2.02mm
B train_seed=17 scene=30008 success=True xy_error=2.53mm
B train_seed=17 scene=30009 success=True xy_error=0.51mm
B train_seed=17 scene=30010 success=True xy_error=2.75mm
B train_seed=17 scene=30011 success=True xy_error=1.63mm
B train_seed=17 scene=30012 success=True xy_error=2.73mm
B train_seed=17 scene=30013 success=True xy_error=1.69mm
B train_seed=17 scene=30014 success=True xy_error=1.40mm
B train_seed=17 scene=30015 success=True xy_error=1.33mm
B train_seed=17 scene=30016 success=True xy_error=2.41mm
B train_seed=17 scene=30017 success=True xy_error=2.01mm
B train_seed=17 scene=30018 success=True xy_error=3.79mm
B train_seed=17 scene=30019 success=True xy_error=1.62mm
B train_seed=17 scene=30020 success=True xy_error=1.53mm
B train_seed=17 scene=30021 success=True xy_error=1.01mm
B train_seed=17 scene=30022 success=True xy_error=3.08mm
B train_seed=17 scene=30023 success=True xy_error=0.75mm
B train_seed=17 scene=30024 success=True xy_error=1.04mm
B train_seed=17 scene=30025 success=True xy_error=1.35mm
B train_seed=17 scene=30026 success=True xy_error=1.44mm
B train_seed=17 scene=30027 success=True xy_error=2.13mm
B train_seed=17 scene=30028 success=True xy_error=3.43mm
B train_seed=17 scene=30029 success=True xy_error=1.69mm
B train_seed=17 scene=30030 success=True xy_error=0.22mm
B train_seed=17 scene=30031 success=True xy_error=0.10mm
B train_seed=17 scene=30032 success=True xy_error=2.15mm
B train_seed=17 scene=30033 success=True xy_error=2.71mm
B train_seed=17 scene=30034 success=True xy_error=0.79mm
B train_seed=17 scene=30035 success=True xy_error=2.18mm
B train_seed=17 scene=30036 success=True xy_error=3.01mm
B train_seed=17 scene=30037 success=True xy_error=2.08mm
B train_seed=17 scene=30038 success=True xy_error=2.16mm
B train_seed=17 scene=30039 success=True xy_error=0.47mm
B train_seed=17 scene=30040 success=True xy_error=3.14mm
B train_seed=17 scene=30041 success=True xy_error=2.04mm
B train_seed=17 scene=30042 success=True xy_error=1.76mm
B train_seed=17 scene=30043 success=True xy_error=2.50mm
B train_seed=17 scene=30044 success=True xy_error=2.69mm
B train_seed=17 scene=30045 success=True xy_error=1.08mm
B train_seed=17 scene=30046 success=True xy_error=0.97mm
B train_seed=17 scene=30047 success=True xy_error=2.53mm
B train_seed=17 scene=30048 success=True xy_error=1.50mm
B train_seed=17 scene=30049 success=True xy_error=3.57mm
B train_seed=17 scene=30050 success=True xy_error=2.42mm
B train_seed=17 scene=30051 success=True xy_error=2.23mm
B train_seed=17 scene=30052 success=True xy_error=0.65mm
B train_seed=17 scene=30053 success=True xy_error=1.21mm
B train_seed=17 scene=30054 success=True xy_error=1.77mm
B train_seed=17 scene=30055 success=True xy_error=0.81mm
B train_seed=17 scene=30056 success=True xy_error=2.28mm
B train_seed=17 scene=30057 success=True xy_error=2.68mm
B train_seed=17 scene=30058 success=True xy_error=2.49mm
B train_seed=17 scene=30059 success=True xy_error=0.87mm
B train_seed=17 scene=30060 success=True xy_error=2.27mm
B train_seed=17 scene=30061 success=True xy_error=2.79mm
B train_seed=17 scene=30062 success=True xy_error=2.49mm
B train_seed=17 scene=30063 success=True xy_error=4.23mm
C train_seed=17 scene=30000 success=True xy_error=0.66mm
C train_seed=17 scene=30001 success=True xy_error=0.79mm
C train_seed=17 scene=30002 success=True xy_error=2.05mm
C train_seed=17 scene=30003 success=True xy_error=0.55mm
C train_seed=17 scene=30004 success=True xy_error=0.58mm
C train_seed=17 scene=30005 success=True xy_error=0.98mm
C train_seed=17 scene=30006 success=True xy_error=0.15mm
C train_seed=17 scene=30007 success=True xy_error=2.04mm
C train_seed=17 scene=30008 success=True xy_error=0.18mm
C train_seed=17 scene=30009 success=True xy_error=0.54mm
C train_seed=17 scene=30010 success=True xy_error=1.70mm
C train_seed=17 scene=30011 success=True xy_error=0.31mm
C train_seed=17 scene=30012 success=True xy_error=2.83mm
C train_seed=17 scene=30013 success=True xy_error=1.29mm
C train_seed=17 scene=30014 success=True xy_error=0.79mm
C train_seed=17 scene=30015 success=True xy_error=0.51mm
C train_seed=17 scene=30016 success=True xy_error=1.13mm
C train_seed=17 scene=30017 success=True xy_error=1.12mm
C train_seed=17 scene=30018 success=True xy_error=0.74mm
C train_seed=17 scene=30019 success=True xy_error=0.19mm
C train_seed=17 scene=30020 success=True xy_error=0.65mm
C train_seed=17 scene=30021 success=True xy_error=0.62mm
C train_seed=17 scene=30022 success=True xy_error=1.45mm
C train_seed=17 scene=30023 success=True xy_error=1.96mm
C train_seed=17 scene=30024 success=True xy_error=0.68mm
C train_seed=17 scene=30025 success=True xy_error=0.32mm
C train_seed=17 scene=30026 success=True xy_error=0.07mm
C train_seed=17 scene=30027 success=True xy_error=0.75mm
C train_seed=17 scene=30028 success=True xy_error=0.70mm
C train_seed=17 scene=30029 success=True xy_error=0.78mm
C train_seed=17 scene=30030 success=True xy_error=0.65mm
C train_seed=17 scene=30031 success=True xy_error=3.36mm
C train_seed=17 scene=30032 success=True xy_error=0.29mm
C train_seed=17 scene=30033 success=True xy_error=3.51mm
C train_seed=17 scene=30034 success=True xy_error=0.55mm
C train_seed=17 scene=30035 success=True xy_error=1.11mm
C train_seed=17 scene=30036 success=True xy_error=1.84mm
C train_seed=17 scene=30037 success=True xy_error=0.89mm
C train_seed=17 scene=30038 success=True xy_error=1.52mm
C train_seed=17 scene=30039 success=True xy_error=1.28mm
C train_seed=17 scene=30040 success=True xy_error=0.37mm
C train_seed=17 scene=30041 success=True xy_error=0.38mm
C train_seed=17 scene=30042 success=True xy_error=1.12mm
C train_seed=17 scene=30043 success=True xy_error=2.43mm
C train_seed=17 scene=30044 success=True xy_error=1.35mm
C train_seed=17 scene=30045 success=True xy_error=1.35mm
C train_seed=17 scene=30046 success=True xy_error=2.37mm
C train_seed=17 scene=30047 success=True xy_error=2.12mm
C train_seed=17 scene=30048 success=True xy_error=1.05mm
C train_seed=17 scene=30049 success=True xy_error=2.41mm
C train_seed=17 scene=30050 success=True xy_error=0.61mm
C train_seed=17 scene=30051 success=True xy_error=0.72mm
C train_seed=17 scene=30052 success=True xy_error=1.11mm
C train_seed=17 scene=30053 success=True xy_error=0.57mm
C train_seed=17 scene=30054 success=True xy_error=0.80mm
C train_seed=17 scene=30055 success=True xy_error=1.23mm
C train_seed=17 scene=30056 success=True xy_error=1.50mm
C train_seed=17 scene=30057 success=True xy_error=0.87mm
C train_seed=17 scene=30058 success=True xy_error=1.52mm
C train_seed=17 scene=30059 success=True xy_error=1.84mm
C train_seed=17 scene=30060 success=True xy_error=0.60mm
C train_seed=17 scene=30061 success=True xy_error=1.50mm
C train_seed=17 scene=30062 success=True xy_error=3.27mm
C train_seed=17 scene=30063 success=True xy_error=1.21mm
D train_seed=17 scene=30000 success=True xy_error=2.37mm
D train_seed=17 scene=30001 success=True xy_error=1.66mm
D train_seed=17 scene=30002 success=True xy_error=2.98mm
D train_seed=17 scene=30003 success=True xy_error=0.98mm
D train_seed=17 scene=30004 success=True xy_error=1.24mm
D train_seed=17 scene=30005 success=True xy_error=1.86mm
D train_seed=17 scene=30006 success=True xy_error=2.58mm
D train_seed=17 scene=30007 success=True xy_error=0.28mm
D train_seed=17 scene=30008 success=True xy_error=1.02mm
D train_seed=17 scene=30009 success=True xy_error=0.88mm
D train_seed=17 scene=30010 success=True xy_error=2.27mm
D train_seed=17 scene=30011 success=True xy_error=1.63mm
D train_seed=17 scene=30012 success=True xy_error=2.82mm
D train_seed=17 scene=30013 success=True xy_error=2.78mm
D train_seed=17 scene=30014 success=True xy_error=0.45mm
D train_seed=17 scene=30015 success=True xy_error=1.51mm
D train_seed=17 scene=30016 success=True xy_error=1.36mm
D train_seed=17 scene=30017 success=True xy_error=2.41mm
D train_seed=17 scene=30018 success=True xy_error=1.07mm
D train_seed=17 scene=30019 success=True xy_error=1.04mm
D train_seed=17 scene=30020 success=True xy_error=2.94mm
D train_seed=17 scene=30021 success=True xy_error=1.03mm
D train_seed=17 scene=30022 success=True xy_error=1.52mm
D train_seed=17 scene=30023 success=True xy_error=0.40mm
D train_seed=17 scene=30024 success=True xy_error=0.86mm
D train_seed=17 scene=30025 success=True xy_error=2.20mm
D train_seed=17 scene=30026 success=True xy_error=1.65mm
D train_seed=17 scene=30027 success=True xy_error=1.22mm
D train_seed=17 scene=30028 success=True xy_error=2.58mm
D train_seed=17 scene=30029 success=True xy_error=1.63mm
D train_seed=17 scene=30030 success=True xy_error=0.20mm
D train_seed=17 scene=30031 success=True xy_error=1.35mm
D train_seed=17 scene=30032 success=True xy_error=1.45mm
D train_seed=17 scene=30033 success=True xy_error=1.92mm
D train_seed=17 scene=30034 success=True xy_error=1.36mm
D train_seed=17 scene=30035 success=True xy_error=1.81mm
D train_seed=17 scene=30036 success=True xy_error=2.48mm
D train_seed=17 scene=30037 success=True xy_error=1.90mm
D train_seed=17 scene=30038 success=True xy_error=1.79mm
D train_seed=17 scene=30039 success=True xy_error=1.18mm
D train_seed=17 scene=30040 success=True xy_error=2.27mm
D train_seed=17 scene=30041 success=True xy_error=1.23mm
D train_seed=17 scene=30042 success=True xy_error=2.20mm
D train_seed=17 scene=30043 success=True xy_error=0.93mm
D train_seed=17 scene=30044 success=True xy_error=2.39mm
D train_seed=17 scene=30045 success=True xy_error=0.82mm
D train_seed=17 scene=30046 success=True xy_error=2.24mm
D train_seed=17 scene=30047 success=True xy_error=0.96mm
D train_seed=17 scene=30048 success=True xy_error=1.16mm
D train_seed=17 scene=30049 success=True xy_error=1.86mm
D train_seed=17 scene=30050 success=True xy_error=0.66mm
D train_seed=17 scene=30051 success=True xy_error=1.93mm
D train_seed=17 scene=30052 success=True xy_error=1.91mm
D train_seed=17 scene=30053 success=True xy_error=2.92mm
D train_seed=17 scene=30054 success=True xy_error=1.80mm
D train_seed=17 scene=30055 success=True xy_error=1.92mm
D train_seed=17 scene=30056 success=True xy_error=1.57mm
D train_seed=17 scene=30057 success=True xy_error=2.38mm
D train_seed=17 scene=30058 success=True xy_error=2.21mm
D train_seed=17 scene=30059 success=True xy_error=4.23mm
D train_seed=17 scene=30060 success=True xy_error=2.00mm
D train_seed=17 scene=30061 success=True xy_error=0.56mm
D train_seed=17 scene=30062 success=True xy_error=5.31mm
D train_seed=17 scene=30063 success=True xy_error=2.37mm
[{"group": "A", "training_seed": 17, "scene_seeds": [30000, 30001, 30002, 30003, 30004, 30005, 30006, 30007, 30008, 30009, 30010, 30011, 30012, 30013, 30014, 30015, 30016, 30017, 30018, 30019, 30020, 30021, 30022, 30023, 30024, 30025, 30026, 30027, 30028, 30029, 30030, 30031, 30032, 30033, 30034, 30035, 30036, 30037, 30038, 30039, 30040, 30041, 30042, 30043, 30044, 30045, 30046, 30047, 30048, 30049, 30050, 30051, 30052, 30053, 30054, 30055, 30056, 30057, 30058, 30059, 30060, 30061, 30062, 30063], "checkpoint_sha256": "f30c97056f82795d3a12eafabd1f53d1f1ca8b0f88c1f7d2e6f1c2c30e313366", "sim_config_sha256": "fa30186703956bf40afbf42df3b8c2a29f4263419316b911a04c158e5cc1c9fa", "sim_code_sha256": "103d93e2d444ec6fae7db2ef27e65ca80118a17ac02e162192adbd13e76f5a1a", "n": 64, "successes": 64, "success_rate": 1.0, "xy_mean_error_mm": 2.048370425995633, "xy_median_error_mm": 1.9962762690946252, "xy_p90_error_mm": 3.2116013283838596, "scope": "exploratory pilot-trained visual grasp evaluation; not final multi-session real-data evidence", "demo_is_first_scene_not_best_scene": true}, {"group": "B", "training_seed": 17, "scene_seeds": [30000, 30001, 30002, 30003, 30004, 30005, 30006, 30007, 30008, 30009, 30010, 30011, 30012, 30013, 30014, 30015, 30016, 30017, 30018, 30019, 30020, 30021, 30022, 30023, 30024, 30025, 30026, 30027, 30028, 30029, 30030, 30031, 30032, 30033, 30034, 30035, 30036, 30037, 30038, 30039, 30040, 30041, 30042, 30043, 30044, 30045, 30046, 30047, 30048, 30049, 30050, 30051, 30052, 30053, 30054, 30055, 30056, 30057, 30058, 30059, 30060, 30061, 30062, 30063], "checkpoint_sha256": "ca02d84f0f090bce6c78fe930186b50e845fdd27e08f5437e0f2e5fd6645d02e", "sim_config_sha256": "fa30186703956bf40afbf42df3b8c2a29f4263419316b911a04c158e5cc1c9fa", "sim_code_sha256": "103d93e2d444ec6fae7db2ef27e65ca80118a17ac02e162192adbd13e76f5a1a", "n": 64, "successes": 64, "success_rate": 1.0, "xy_mean_error_mm": 1.9887368157195475, "xy_median_error_mm": 2.030115241940044, "xy_p90_error_mm": 3.1186185273250024, "scope": "exploratory pilot-trained visual grasp evaluation; not final multi-session real-data evidence", "demo_is_first_scene_not_best_scene": true}, {"group": "C", "training_seed": 17, "scene_seeds": [30000, 30001, 30002, 30003, 30004, 30005, 30006, 30007, 30008, 30009, 30010, 30011, 30012, 30013, 30014, 30015, 30016, 30017, 30018, 30019, 30020, 30021, 30022, 30023, 30024, 30025, 30026, 30027, 30028, 30029, 30030, 30031, 30032, 30033, 30034, 30035, 30036, 30037, 30038, 30039, 30040, 30041, 30042, 30043, 30044, 30045, 30046, 30047, 30048, 30049, 30050, 30051, 30052, 30053, 30054, 30055, 30056, 30057, 30058, 30059, 30060, 30061, 30062, 30063], "checkpoint_sha256": "e86b15c1acc06e90c3c072362eeba92f9221d3819497edd02504f245f52680d2", "sim_config_sha256": "fa30186703956bf40afbf42df3b8c2a29f4263419316b911a04c158e5cc1c9fa", "sim_code_sha256": "103d93e2d444ec6fae7db2ef27e65ca80118a17ac02e162192adbd13e76f5a1a", "n": 64, "successes": 64, "success_rate": 1.0, "xy_mean_error_mm": 1.1629671664254504, "xy_median_error_mm": 0.9372183493878319, "xy_p90_error_mm": 2.2937664988095876, "scope": "exploratory pilot-trained visual grasp evaluation; not final multi-session real-data evidence", "demo_is_first_scene_not_best_scene": true}, {"group": "D", "training_seed": 17, "scene_seeds": [30000, 30001, 30002, 30003, 30004, 30005, 30006, 30007, 30008, 30009, 30010, 30011, 30012, 30013, 30014, 30015, 30016, 30017, 30018, 30019, 30020, 30021, 30022, 30023, 30024, 30025, 30026, 30027, 30028, 30029, 30030, 30031, 30032, 30033, 30034, 30035, 30036, 30037, 30038, 30039, 30040, 30041, 30042, 30043, 30044, 30045, 30046, 30047, 30048, 30049, 30050, 30051, 30052, 30053, 30054, 30055, 30056, 30057, 30058, 30059, 30060, 30061, 30062, 30063], "checkpoint_sha256": "0b0e6f8c13e6297141e12766c35811088bf57cb8b08e1df7c94f1b382b43147a", "sim_config_sha256": "fa30186703956bf40afbf42df3b8c2a29f4263419316b911a04c158e5cc1c9fa", "sim_code_sha256": "103d93e2d444ec6fae7db2ef27e65ca80118a17ac02e162192adbd13e76f5a1a", "n": 64, "successes": 64, "success_rate": 1.0, "xy_mean_error_mm": 1.7575516266876, "xy_median_error_mm": 1.7271294661663326, "xy_p90_error_mm": 2.719157990981347, "scope": "exploratory pilot-trained visual grasp evaluation; not final multi-session real-data evidence", "demo_is_first_scene_not_best_scene": true}]
