pybullet build time: Oct 21 2025 11:46:21
argv[0]=--background_color_red=0.9607843160629272
argv[1]=--background_color_green=0.9607843160629272
argv[2]=--background_color_blue=0.9607843160629272
A train_seed=27 scene=30000 success=True xy_error=2.68mm
A train_seed=27 scene=30001 success=True xy_error=0.69mm
A train_seed=27 scene=30002 success=True xy_error=1.59mm
A train_seed=27 scene=30003 success=True xy_error=3.15mm
A train_seed=27 scene=30004 success=True xy_error=1.22mm
A train_seed=27 scene=30005 success=True xy_error=1.04mm
A train_seed=27 scene=30006 success=True xy_error=2.99mm
A train_seed=27 scene=30007 success=True xy_error=1.75mm
A train_seed=27 scene=30008 success=True xy_error=2.09mm
A train_seed=27 scene=30009 success=True xy_error=2.11mm
A train_seed=27 scene=30010 success=True xy_error=1.47mm
A train_seed=27 scene=30011 success=True xy_error=1.74mm
A train_seed=27 scene=30012 success=True xy_error=0.83mm
A train_seed=27 scene=30013 success=True xy_error=2.56mm
A train_seed=27 scene=30014 success=True xy_error=2.43mm
A train_seed=27 scene=30015 success=True xy_error=1.30mm
A train_seed=27 scene=30016 success=True xy_error=3.56mm
A train_seed=27 scene=30017 success=True xy_error=0.38mm
A train_seed=27 scene=30018 success=True xy_error=3.81mm
A train_seed=27 scene=30019 success=True xy_error=0.81mm
A train_seed=27 scene=30020 success=True xy_error=1.65mm
A train_seed=27 scene=30021 success=True xy_error=1.16mm
A train_seed=27 scene=30022 success=True xy_error=0.64mm
A train_seed=27 scene=30023 success=True xy_error=1.00mm
A train_seed=27 scene=30024 success=True xy_error=2.17mm
A train_seed=27 scene=30025 success=True xy_error=1.23mm
A train_seed=27 scene=30026 success=True xy_error=3.09mm
A train_seed=27 scene=30027 success=True xy_error=1.80mm
A train_seed=27 scene=30028 success=True xy_error=0.23mm
A train_seed=27 scene=30029 success=True xy_error=0.60mm
A train_seed=27 scene=30030 success=True xy_error=1.94mm
A train_seed=27 scene=30031 success=True xy_error=1.43mm
A train_seed=27 scene=30032 success=True xy_error=1.69mm
A train_seed=27 scene=30033 success=True xy_error=0.39mm
A train_seed=27 scene=30034 success=True xy_error=1.07mm
A train_seed=27 scene=30035 success=True xy_error=1.10mm
A train_seed=27 scene=30036 success=True xy_error=1.33mm
A train_seed=27 scene=30037 success=True xy_error=2.17mm
A train_seed=27 scene=30038 success=True xy_error=1.19mm
A train_seed=27 scene=30039 success=True xy_error=1.32mm
A train_seed=27 scene=30040 success=True xy_error=0.56mm
A train_seed=27 scene=30041 success=True xy_error=2.12mm
A train_seed=27 scene=30042 success=True xy_error=1.75mm
A train_seed=27 scene=30043 success=True xy_error=1.12mm
A train_seed=27 scene=30044 success=True xy_error=3.15mm
A train_seed=27 scene=30045 success=True xy_error=2.76mm
A train_seed=27 scene=30046 success=True xy_error=1.77mm
A train_seed=27 scene=30047 success=True xy_error=3.22mm
A train_seed=27 scene=30048 success=True xy_error=1.11mm
A train_seed=27 scene=30049 success=True xy_error=3.06mm
A train_seed=27 scene=30050 success=True xy_error=3.13mm
A train_seed=27 scene=30051 success=True xy_error=2.47mm
A train_seed=27 scene=30052 success=True xy_error=0.55mm
A train_seed=27 scene=30053 success=True xy_error=1.65mm
A train_seed=27 scene=30054 success=True xy_error=1.12mm
A train_seed=27 scene=30055 success=True xy_error=0.98mm
A train_seed=27 scene=30056 success=True xy_error=1.70mm
A train_seed=27 scene=30057 success=True xy_error=3.65mm
A train_seed=27 scene=30058 success=True xy_error=0.39mm
A train_seed=27 scene=30059 success=True xy_error=4.27mm
A train_seed=27 scene=30060 success=True xy_error=2.50mm
A train_seed=27 scene=30061 success=True xy_error=2.87mm
A train_seed=27 scene=30062 success=True xy_error=2.71mm
A train_seed=27 scene=30063 success=True xy_error=2.11mm
B train_seed=27 scene=30000 success=True xy_error=2.22mm
B train_seed=27 scene=30001 success=True xy_error=2.33mm
B train_seed=27 scene=30002 success=True xy_error=1.42mm
B train_seed=27 scene=30003 success=True xy_error=2.74mm
B train_seed=27 scene=30004 success=True xy_error=2.63mm
B train_seed=27 scene=30005 success=True xy_error=1.03mm
B train_seed=27 scene=30006 success=True xy_error=3.34mm
B train_seed=27 scene=30007 success=True xy_error=1.44mm
B train_seed=27 scene=30008 success=True xy_error=3.35mm
B train_seed=27 scene=30009 success=True xy_error=0.12mm
B train_seed=27 scene=30010 success=True xy_error=2.20mm
B train_seed=27 scene=30011 success=True xy_error=0.98mm
B train_seed=27 scene=30012 success=True xy_error=1.82mm
B train_seed=27 scene=30013 success=True xy_error=2.67mm
B train_seed=27 scene=30014 success=True xy_error=2.74mm
B train_seed=27 scene=30015 success=True xy_error=1.78mm
B train_seed=27 scene=30016 success=True xy_error=3.68mm
B train_seed=27 scene=30017 success=True xy_error=0.57mm
B train_seed=27 scene=30018 success=True xy_error=3.47mm
B train_seed=27 scene=30019 success=True xy_error=0.81mm
B train_seed=27 scene=30020 success=True xy_error=1.45mm
B train_seed=27 scene=30021 success=True xy_error=1.82mm
B train_seed=27 scene=30022 success=True xy_error=3.39mm
B train_seed=27 scene=30023 success=True xy_error=2.33mm
B train_seed=27 scene=30024 success=True xy_error=1.75mm
B train_seed=27 scene=30025 success=True xy_error=1.13mm
B train_seed=27 scene=30026 success=True xy_error=1.97mm
B train_seed=27 scene=30027 success=True xy_error=1.82mm
B train_seed=27 scene=30028 success=True xy_error=0.63mm
B train_seed=27 scene=30029 success=True xy_error=1.90mm
B train_seed=27 scene=30030 success=True xy_error=0.59mm
B train_seed=27 scene=30031 success=True xy_error=2.64mm
B train_seed=27 scene=30032 success=True xy_error=0.62mm
B train_seed=27 scene=30033 success=True xy_error=0.35mm
B train_seed=27 scene=30034 success=True xy_error=2.25mm
B train_seed=27 scene=30035 success=True xy_error=1.28mm
B train_seed=27 scene=30036 success=True xy_error=1.73mm
B train_seed=27 scene=30037 success=True xy_error=1.10mm
B train_seed=27 scene=30038 success=True xy_error=0.30mm
B train_seed=27 scene=30039 success=True xy_error=1.89mm
B train_seed=27 scene=30040 success=True xy_error=0.70mm
B train_seed=27 scene=30041 success=True xy_error=0.11mm
B train_seed=27 scene=30042 success=True xy_error=2.92mm
B train_seed=27 scene=30043 success=True xy_error=2.16mm
B train_seed=27 scene=30044 success=True xy_error=2.84mm
B train_seed=27 scene=30045 success=True xy_error=0.65mm
B train_seed=27 scene=30046 success=True xy_error=1.21mm
B train_seed=27 scene=30047 success=True xy_error=1.23mm
B train_seed=27 scene=30048 success=True xy_error=2.79mm
B train_seed=27 scene=30049 success=True xy_error=2.02mm
B train_seed=27 scene=30050 success=True xy_error=2.31mm
B train_seed=27 scene=30051 success=True xy_error=2.56mm
B train_seed=27 scene=30052 success=True xy_error=1.12mm
B train_seed=27 scene=30053 success=True xy_error=1.82mm
B train_seed=27 scene=30054 success=True xy_error=2.09mm
B train_seed=27 scene=30055 success=True xy_error=3.07mm
B train_seed=27 scene=30056 success=True xy_error=2.00mm
B train_seed=27 scene=30057 success=True xy_error=1.26mm
B train_seed=27 scene=30058 success=True xy_error=0.72mm
B train_seed=27 scene=30059 success=True xy_error=3.24mm
B train_seed=27 scene=30060 success=True xy_error=3.30mm
B train_seed=27 scene=30061 success=True xy_error=2.76mm
B train_seed=27 scene=30062 success=True xy_error=1.07mm
B train_seed=27 scene=30063 success=True xy_error=2.35mm
C train_seed=27 scene=30000 success=True xy_error=1.44mm
C train_seed=27 scene=30001 success=True xy_error=0.44mm
C train_seed=27 scene=30002 success=True xy_error=1.32mm
C train_seed=27 scene=30003 success=True xy_error=2.01mm
C train_seed=27 scene=30004 success=True xy_error=0.73mm
C train_seed=27 scene=30005 success=True xy_error=0.71mm
C train_seed=27 scene=30006 success=True xy_error=0.86mm
C train_seed=27 scene=30007 success=True xy_error=0.93mm
C train_seed=27 scene=30008 success=True xy_error=1.97mm
C train_seed=27 scene=30009 success=True xy_error=1.82mm
C train_seed=27 scene=30010 success=True xy_error=2.53mm
C train_seed=27 scene=30011 success=True xy_error=1.19mm
C train_seed=27 scene=30012 success=True xy_error=2.79mm
C train_seed=27 scene=30013 success=True xy_error=1.17mm
C train_seed=27 scene=30014 success=True xy_error=2.29mm
C train_seed=27 scene=30015 success=True xy_error=0.09mm
C train_seed=27 scene=30016 success=True xy_error=1.47mm
C train_seed=27 scene=30017 success=True xy_error=0.94mm
C train_seed=27 scene=30018 success=True xy_error=0.65mm
C train_seed=27 scene=30019 success=True xy_error=1.00mm
C train_seed=27 scene=30020 success=True xy_error=1.58mm
C train_seed=27 scene=30021 success=True xy_error=0.42mm
C train_seed=27 scene=30022 success=True xy_error=1.09mm
C train_seed=27 scene=30023 success=True xy_error=0.14mm
C train_seed=27 scene=30024 success=True xy_error=1.42mm
C train_seed=27 scene=30025 success=True xy_error=0.74mm
C train_seed=27 scene=30026 success=True xy_error=1.94mm
C train_seed=27 scene=30027 success=True xy_error=0.59mm
C train_seed=27 scene=30028 success=True xy_error=0.71mm
C train_seed=27 scene=30029 success=True xy_error=1.14mm
C train_seed=27 scene=30030 success=True xy_error=1.19mm
C train_seed=27 scene=30031 success=True xy_error=1.96mm
C train_seed=27 scene=30032 success=True xy_error=1.51mm
C train_seed=27 scene=30033 success=True xy_error=0.92mm
C train_seed=27 scene=30034 success=True xy_error=1.43mm
C train_seed=27 scene=30035 success=True xy_error=1.06mm
C train_seed=27 scene=30036 success=True xy_error=1.12mm
C train_seed=27 scene=30037 success=True xy_error=1.16mm
C train_seed=27 scene=30038 success=True xy_error=2.47mm
C train_seed=27 scene=30039 success=True xy_error=0.56mm
C train_seed=27 scene=30040 success=True xy_error=0.80mm
C train_seed=27 scene=30041 success=True xy_error=0.76mm
C train_seed=27 scene=30042 success=True xy_error=1.16mm
C train_seed=27 scene=30043 success=True xy_error=1.82mm
C train_seed=27 scene=30044 success=True xy_error=0.84mm
C train_seed=27 scene=30045 success=True xy_error=0.57mm
C train_seed=27 scene=30046 success=True xy_error=0.85mm
C train_seed=27 scene=30047 success=True xy_error=2.80mm
C train_seed=27 scene=30048 success=True xy_error=0.84mm
C train_seed=27 scene=30049 success=True xy_error=0.65mm
C train_seed=27 scene=30050 success=True xy_error=1.82mm
C train_seed=27 scene=30051 success=True xy_error=0.60mm
C train_seed=27 scene=30052 success=True xy_error=0.11mm
C train_seed=27 scene=30053 success=True xy_error=0.75mm
C train_seed=27 scene=30054 success=True xy_error=2.04mm
C train_seed=27 scene=30055 success=True xy_error=1.04mm
C train_seed=27 scene=30056 success=True xy_error=0.99mm
C train_seed=27 scene=30057 success=True xy_error=2.65mm
C train_seed=27 scene=30058 success=True xy_error=0.48mm
C train_seed=27 scene=30059 success=True xy_error=1.40mm
C train_seed=27 scene=30060 success=True xy_error=1.22mm
C train_seed=27 scene=30061 success=True xy_error=0.66mm
C train_seed=27 scene=30062 success=True xy_error=1.73mm
C train_seed=27 scene=30063 success=True xy_error=0.98mm
D train_seed=27 scene=30000 success=True xy_error=3.76mm
D train_seed=27 scene=30001 success=True xy_error=0.71mm
D train_seed=27 scene=30002 success=True xy_error=1.63mm
D train_seed=27 scene=30003 success=True xy_error=2.07mm
D train_seed=27 scene=30004 success=True xy_error=1.63mm
D train_seed=27 scene=30005 success=True xy_error=1.34mm
D train_seed=27 scene=30006 success=True xy_error=4.54mm
D train_seed=27 scene=30007 success=True xy_error=1.89mm
D train_seed=27 scene=30008 success=True xy_error=3.95mm
D train_seed=27 scene=30009 success=True xy_error=1.33mm
D train_seed=27 scene=30010 success=True xy_error=2.97mm
D train_seed=27 scene=30011 success=True xy_error=1.89mm
D train_seed=27 scene=30012 success=True xy_error=1.26mm
D train_seed=27 scene=30013 success=True xy_error=1.05mm
D train_seed=27 scene=30014 success=True xy_error=0.93mm
D train_seed=27 scene=30015 success=True xy_error=2.83mm
D train_seed=27 scene=30016 success=True xy_error=2.68mm
D train_seed=27 scene=30017 success=True xy_error=2.08mm
D train_seed=27 scene=30018 success=True xy_error=2.28mm
D train_seed=27 scene=30019 success=True xy_error=1.70mm
D train_seed=27 scene=30020 success=True xy_error=3.19mm
D train_seed=27 scene=30021 success=True xy_error=1.33mm
D train_seed=27 scene=30022 success=True xy_error=3.09mm
D train_seed=27 scene=30023 success=True xy_error=1.72mm
D train_seed=27 scene=30024 success=True xy_error=2.25mm
D train_seed=27 scene=30025 success=True xy_error=0.88mm
D train_seed=27 scene=30026 success=True xy_error=2.46mm
D train_seed=27 scene=30027 success=True xy_error=1.65mm
D train_seed=27 scene=30028 success=True xy_error=0.91mm
D train_seed=27 scene=30029 success=True xy_error=1.44mm
D train_seed=27 scene=30030 success=True xy_error=2.12mm
D train_seed=27 scene=30031 success=True xy_error=1.99mm
D train_seed=27 scene=30032 success=True xy_error=1.14mm
D train_seed=27 scene=30033 success=True xy_error=0.79mm
D train_seed=27 scene=30034 success=True xy_error=3.08mm
D train_seed=27 scene=30035 success=True xy_error=1.26mm
D train_seed=27 scene=30036 success=True xy_error=1.62mm
D train_seed=27 scene=30037 success=True xy_error=2.06mm
D train_seed=27 scene=30038 success=True xy_error=1.64mm
D train_seed=27 scene=30039 success=True xy_error=1.09mm
D train_seed=27 scene=30040 success=True xy_error=1.07mm
D train_seed=27 scene=30041 success=True xy_error=1.74mm
D train_seed=27 scene=30042 success=True xy_error=1.68mm
D train_seed=27 scene=30043 success=True xy_error=1.00mm
D train_seed=27 scene=30044 success=True xy_error=1.44mm
D train_seed=27 scene=30045 success=True xy_error=0.87mm
D train_seed=27 scene=30046 success=True xy_error=1.05mm
D train_seed=27 scene=30047 success=True xy_error=3.88mm
D train_seed=27 scene=30048 success=True xy_error=2.91mm
D train_seed=27 scene=30049 success=True xy_error=1.29mm
D train_seed=27 scene=30050 success=True xy_error=1.75mm
D train_seed=27 scene=30051 success=True xy_error=1.69mm
D train_seed=27 scene=30052 success=True xy_error=0.64mm
D train_seed=27 scene=30053 success=True xy_error=3.37mm
D train_seed=27 scene=30054 success=True xy_error=1.34mm
D train_seed=27 scene=30055 success=True xy_error=1.26mm
D train_seed=27 scene=30056 success=True xy_error=1.73mm
D train_seed=27 scene=30057 success=True xy_error=2.06mm
D train_seed=27 scene=30058 success=True xy_error=1.07mm
D train_seed=27 scene=30059 success=True xy_error=1.98mm
D train_seed=27 scene=30060 success=True xy_error=2.49mm
D train_seed=27 scene=30061 success=True xy_error=0.72mm
D train_seed=27 scene=30062 success=True xy_error=1.26mm
D train_seed=27 scene=30063 success=True xy_error=2.77mm
[{"group": "A", "training_seed": 27, "scene_seeds": [30000, 30001, 30002, 30003, 30004, 30005, 30006, 30007, 30008, 30009, 30010, 30011, 30012, 30013, 30014, 30015, 30016, 30017, 30018, 30019, 30020, 30021, 30022, 30023, 30024, 30025, 30026, 30027, 30028, 30029, 30030, 30031, 30032, 30033, 30034, 30035, 30036, 30037, 30038, 30039, 30040, 30041, 30042, 30043, 30044, 30045, 30046, 30047, 30048, 30049, 30050, 30051, 30052, 30053, 30054, 30055, 30056, 30057, 30058, 30059, 30060, 30061, 30062, 30063], "checkpoint_sha256": "3055d8c50d5d6aac120308c9d7f4b122624f017994d31776b1b4a0f6ef393755", "sim_config_sha256": "fa30186703956bf40afbf42df3b8c2a29f4263419316b911a04c158e5cc1c9fa", "sim_code_sha256": "103d93e2d444ec6fae7db2ef27e65ca80118a17ac02e162192adbd13e76f5a1a", "n": 64, "successes": 64, "success_rate": 1.0, "xy_mean_error_mm": 1.81479535809139, "xy_median_error_mm": 1.6945093788834535, "xy_p90_error_mm": 3.1471583955682876, "scope": "exploratory pilot-trained visual grasp evaluation; not final multi-session real-data evidence", "demo_is_first_scene_not_best_scene": true}, {"group": "B", "training_seed": 27, "scene_seeds": [30000, 30001, 30002, 30003, 30004, 30005, 30006, 30007, 30008, 30009, 30010, 30011, 30012, 30013, 30014, 30015, 30016, 30017, 30018, 30019, 30020, 30021, 30022, 30023, 30024, 30025, 30026, 30027, 30028, 30029, 30030, 30031, 30032, 30033, 30034, 30035, 30036, 30037, 30038, 30039, 30040, 30041, 30042, 30043, 30044, 30045, 30046, 30047, 30048, 30049, 30050, 30051, 30052, 30053, 30054, 30055, 30056, 30057, 30058, 30059, 30060, 30061, 30062, 30063], "checkpoint_sha256": "d7825996921ca676c94459eb264770c87619e04d8b286ed8c0b5d51fae3e0552", "sim_config_sha256": "fa30186703956bf40afbf42df3b8c2a29f4263419316b911a04c158e5cc1c9fa", "sim_code_sha256": "103d93e2d444ec6fae7db2ef27e65ca80118a17ac02e162192adbd13e76f5a1a", "n": 64, "successes": 64, "success_rate": 1.0, "xy_mean_error_mm": 1.8530196929873053, "xy_median_error_mm": 1.8559849583428716, "xy_p90_error_mm": 3.1862800196768366, "scope": "exploratory pilot-trained visual grasp evaluation; not final multi-session real-data evidence", "demo_is_first_scene_not_best_scene": true}, {"group": "C", "training_seed": 27, "scene_seeds": [30000, 30001, 30002, 30003, 30004, 30005, 30006, 30007, 30008, 30009, 30010, 30011, 30012, 30013, 30014, 30015, 30016, 30017, 30018, 30019, 30020, 30021, 30022, 30023, 30024, 30025, 30026, 30027, 30028, 30029, 30030, 30031, 30032, 30033, 30034, 30035, 30036, 30037, 30038, 30039, 30040, 30041, 30042, 30043, 30044, 30045, 30046, 30047, 30048, 30049, 30050, 30051, 30052, 30053, 30054, 30055, 30056, 30057, 30058, 30059, 30060, 30061, 30062, 30063], "checkpoint_sha256": "af63b64a78b6c4f0c4293f04a2184d1520b9bc349d048145b7aae13aba0a4eb5", "sim_config_sha256": "fa30186703956bf40afbf42df3b8c2a29f4263419316b911a04c158e5cc1c9fa", "sim_code_sha256": "103d93e2d444ec6fae7db2ef27e65ca80118a17ac02e162192adbd13e76f5a1a", "n": 64, "successes": 64, "success_rate": 1.0, "xy_mean_error_mm": 1.2039474114764412, "xy_median_error_mm": 1.0737921334946408, "xy_p90_error_mm": 2.029880206533838, "scope": "exploratory pilot-trained visual grasp evaluation; not final multi-session real-data evidence", "demo_is_first_scene_not_best_scene": true}, {"group": "D", "training_seed": 27, "scene_seeds": [30000, 30001, 30002, 30003, 30004, 30005, 30006, 30007, 30008, 30009, 30010, 30011, 30012, 30013, 30014, 30015, 30016, 30017, 30018, 30019, 30020, 30021, 30022, 30023, 30024, 30025, 30026, 30027, 30028, 30029, 30030, 30031, 30032, 30033, 30034, 30035, 30036, 30037, 30038, 30039, 30040, 30041, 30042, 30043, 30044, 30045, 30046, 30047, 30048, 30049, 30050, 30051, 30052, 30053, 30054, 30055, 30056, 30057, 30058, 30059, 30060, 30061, 30062, 30063], "checkpoint_sha256": "76b0f581b8eb0616355b6a4d2a3e5c97fcf513db4c2f06211ef950456e32c19d", "sim_config_sha256": "fa30186703956bf40afbf42df3b8c2a29f4263419316b911a04c158e5cc1c9fa", "sim_code_sha256": "103d93e2d444ec6fae7db2ef27e65ca80118a17ac02e162192adbd13e76f5a1a", "n": 64, "successes": 64, "success_rate": 1.0, "xy_mean_error_mm": 1.8644058980224472, "xy_median_error_mm": 1.6844490727938268, "xy_p90_error_mm": 3.0905165675366564, "scope": "exploratory pilot-trained visual grasp evaluation; not final multi-session real-data evidence", "demo_is_first_scene_not_best_scene": true}]
