pybullet build time: Oct 21 2025 11:46:21
argv[0]=--background_color_red=0.9607843160629272
argv[1]=--background_color_green=0.9607843160629272
argv[2]=--background_color_blue=0.9607843160629272
A train_seed=7 scene=30000 success=True xy_error=2.16mm
A train_seed=7 scene=30001 success=True xy_error=1.06mm
A train_seed=7 scene=30002 success=True xy_error=0.87mm
A train_seed=7 scene=30003 success=True xy_error=0.70mm
A train_seed=7 scene=30004 success=True xy_error=1.48mm
A train_seed=7 scene=30005 success=True xy_error=0.51mm
A train_seed=7 scene=30006 success=True xy_error=1.17mm
A train_seed=7 scene=30007 success=True xy_error=0.46mm
A train_seed=7 scene=30008 success=True xy_error=0.55mm
A train_seed=7 scene=30009 success=True xy_error=2.90mm
A train_seed=7 scene=30010 success=True xy_error=0.53mm
A train_seed=7 scene=30011 success=True xy_error=2.11mm
A train_seed=7 scene=30012 success=True xy_error=3.10mm
A train_seed=7 scene=30013 success=True xy_error=2.39mm
A train_seed=7 scene=30014 success=True xy_error=2.66mm
A train_seed=7 scene=30015 success=True xy_error=1.08mm
A train_seed=7 scene=30016 success=True xy_error=0.58mm
A train_seed=7 scene=30017 success=True xy_error=0.44mm
A train_seed=7 scene=30018 success=True xy_error=0.85mm
A train_seed=7 scene=30019 success=True xy_error=1.49mm
A train_seed=7 scene=30020 success=True xy_error=1.23mm
A train_seed=7 scene=30021 success=True xy_error=1.70mm
A train_seed=7 scene=30022 success=True xy_error=1.59mm
A train_seed=7 scene=30023 success=True xy_error=1.40mm
A train_seed=7 scene=30024 success=True xy_error=2.39mm
A train_seed=7 scene=30025 success=True xy_error=1.17mm
A train_seed=7 scene=30026 success=True xy_error=2.85mm
A train_seed=7 scene=30027 success=True xy_error=2.88mm
A train_seed=7 scene=30028 success=True xy_error=1.50mm
A train_seed=7 scene=30029 success=True xy_error=0.72mm
A train_seed=7 scene=30030 success=True xy_error=2.99mm
A train_seed=7 scene=30031 success=True xy_error=0.84mm
A train_seed=7 scene=30032 success=True xy_error=1.99mm
A train_seed=7 scene=30033 success=True xy_error=1.92mm
A train_seed=7 scene=30034 success=True xy_error=1.19mm
A train_seed=7 scene=30035 success=True xy_error=1.41mm
A train_seed=7 scene=30036 success=True xy_error=1.24mm
A train_seed=7 scene=30037 success=True xy_error=0.43mm
A train_seed=7 scene=30038 success=True xy_error=1.89mm
A train_seed=7 scene=30039 success=True xy_error=0.93mm
A train_seed=7 scene=30040 success=True xy_error=1.74mm
A train_seed=7 scene=30041 success=True xy_error=0.79mm
A train_seed=7 scene=30042 success=True xy_error=2.33mm
A train_seed=7 scene=30043 success=True xy_error=3.37mm
A train_seed=7 scene=30044 success=True xy_error=1.23mm
A train_seed=7 scene=30045 success=True xy_error=2.51mm
A train_seed=7 scene=30046 success=True xy_error=2.05mm
A train_seed=7 scene=30047 success=True xy_error=1.36mm
A train_seed=7 scene=30048 success=True xy_error=1.57mm
A train_seed=7 scene=30049 success=True xy_error=0.23mm
A train_seed=7 scene=30050 success=True xy_error=0.64mm
A train_seed=7 scene=30051 success=True xy_error=0.62mm
A train_seed=7 scene=30052 success=True xy_error=1.95mm
A train_seed=7 scene=30053 success=True xy_error=1.18mm
A train_seed=7 scene=30054 success=True xy_error=1.78mm
A train_seed=7 scene=30055 success=True xy_error=1.28mm
A train_seed=7 scene=30056 success=True xy_error=1.60mm
A train_seed=7 scene=30057 success=True xy_error=0.76mm
A train_seed=7 scene=30058 success=True xy_error=0.70mm
A train_seed=7 scene=30059 success=True xy_error=1.68mm
A train_seed=7 scene=30060 success=True xy_error=1.58mm
A train_seed=7 scene=30061 success=True xy_error=1.34mm
A train_seed=7 scene=30062 success=True xy_error=0.97mm
A train_seed=7 scene=30063 success=True xy_error=0.70mm
B train_seed=7 scene=30000 success=True xy_error=1.11mm
B train_seed=7 scene=30001 success=True xy_error=1.22mm
B train_seed=7 scene=30002 success=True xy_error=1.27mm
B train_seed=7 scene=30003 success=True xy_error=1.91mm
B train_seed=7 scene=30004 success=True xy_error=2.13mm
B train_seed=7 scene=30005 success=True xy_error=1.00mm
B train_seed=7 scene=30006 success=True xy_error=1.68mm
B train_seed=7 scene=30007 success=True xy_error=1.74mm
B train_seed=7 scene=30008 success=True xy_error=0.66mm
B train_seed=7 scene=30009 success=True xy_error=2.72mm
B train_seed=7 scene=30010 success=True xy_error=2.06mm
B train_seed=7 scene=30011 success=True xy_error=0.50mm
B train_seed=7 scene=30012 success=True xy_error=2.00mm
B train_seed=7 scene=30013 success=True xy_error=1.92mm
B train_seed=7 scene=30014 success=True xy_error=3.51mm
B train_seed=7 scene=30015 success=True xy_error=0.72mm
B train_seed=7 scene=30016 success=True xy_error=1.42mm
B train_seed=7 scene=30017 success=True xy_error=1.20mm
B train_seed=7 scene=30018 success=True xy_error=1.37mm
B train_seed=7 scene=30019 success=True xy_error=1.18mm
B train_seed=7 scene=30020 success=True xy_error=1.09mm
B train_seed=7 scene=30021 success=True xy_error=0.69mm
B train_seed=7 scene=30022 success=True xy_error=0.10mm
B train_seed=7 scene=30023 success=True xy_error=1.18mm
B train_seed=7 scene=30024 success=True xy_error=1.69mm
B train_seed=7 scene=30025 success=True xy_error=0.56mm
B train_seed=7 scene=30026 success=True xy_error=2.69mm
B train_seed=7 scene=30027 success=True xy_error=1.39mm
B train_seed=7 scene=30028 success=True xy_error=1.86mm
B train_seed=7 scene=30029 success=True xy_error=1.82mm
B train_seed=7 scene=30030 success=True xy_error=2.35mm
B train_seed=7 scene=30031 success=True xy_error=2.61mm
B train_seed=7 scene=30032 success=True xy_error=2.48mm
B train_seed=7 scene=30033 success=True xy_error=1.49mm
B train_seed=7 scene=30034 success=True xy_error=1.79mm
B train_seed=7 scene=30035 success=True xy_error=1.07mm
B train_seed=7 scene=30036 success=True xy_error=0.69mm
B train_seed=7 scene=30037 success=True xy_error=0.59mm
B train_seed=7 scene=30038 success=True xy_error=2.15mm
B train_seed=7 scene=30039 success=True xy_error=1.30mm
B train_seed=7 scene=30040 success=True xy_error=2.65mm
B train_seed=7 scene=30041 success=True xy_error=0.55mm
B train_seed=7 scene=30042 success=True xy_error=1.25mm
B train_seed=7 scene=30043 success=True xy_error=2.12mm
B train_seed=7 scene=30044 success=True xy_error=2.25mm
B train_seed=7 scene=30045 success=True xy_error=1.31mm
B train_seed=7 scene=30046 success=True xy_error=2.34mm
B train_seed=7 scene=30047 success=True xy_error=0.31mm
B train_seed=7 scene=30048 success=True xy_error=2.08mm
B train_seed=7 scene=30049 success=True xy_error=0.45mm
B train_seed=7 scene=30050 success=True xy_error=1.56mm
B train_seed=7 scene=30051 success=True xy_error=1.94mm
B train_seed=7 scene=30052 success=True xy_error=1.61mm
B train_seed=7 scene=30053 success=True xy_error=1.60mm
B train_seed=7 scene=30054 success=True xy_error=1.98mm
B train_seed=7 scene=30055 success=True xy_error=2.64mm
B train_seed=7 scene=30056 success=True xy_error=1.07mm
B train_seed=7 scene=30057 success=True xy_error=0.73mm
B train_seed=7 scene=30058 success=True xy_error=2.25mm
B train_seed=7 scene=30059 success=True xy_error=1.02mm
B train_seed=7 scene=30060 success=True xy_error=0.92mm
B train_seed=7 scene=30061 success=True xy_error=2.00mm
B train_seed=7 scene=30062 success=True xy_error=0.19mm
B train_seed=7 scene=30063 success=True xy_error=2.07mm
C train_seed=7 scene=30000 success=True xy_error=0.59mm
C train_seed=7 scene=30001 success=True xy_error=1.03mm
C train_seed=7 scene=30002 success=True xy_error=0.49mm
C train_seed=7 scene=30003 success=True xy_error=1.33mm
C train_seed=7 scene=30004 success=True xy_error=4.23mm
C train_seed=7 scene=30005 success=True xy_error=0.43mm
C train_seed=7 scene=30006 success=True xy_error=1.37mm
C train_seed=7 scene=30007 success=True xy_error=1.07mm
C train_seed=7 scene=30008 success=True xy_error=1.92mm
C train_seed=7 scene=30009 success=True xy_error=0.71mm
C train_seed=7 scene=30010 success=True xy_error=0.38mm
C train_seed=7 scene=30011 success=True xy_error=1.29mm
C train_seed=7 scene=30012 success=True xy_error=1.68mm
C train_seed=7 scene=30013 success=True xy_error=2.32mm
C train_seed=7 scene=30014 success=True xy_error=2.97mm
C train_seed=7 scene=30015 success=True xy_error=1.30mm
C train_seed=7 scene=30016 success=True xy_error=0.42mm
C train_seed=7 scene=30017 success=True xy_error=0.96mm
C train_seed=7 scene=30018 success=True xy_error=0.71mm
C train_seed=7 scene=30019 success=True xy_error=3.63mm
C train_seed=7 scene=30020 success=True xy_error=0.50mm
C train_seed=7 scene=30021 success=True xy_error=1.10mm
C train_seed=7 scene=30022 success=True xy_error=0.74mm
C train_seed=7 scene=30023 success=True xy_error=1.66mm
C train_seed=7 scene=30024 success=True xy_error=2.72mm
C train_seed=7 scene=30025 success=True xy_error=1.00mm
C train_seed=7 scene=30026 success=True xy_error=2.22mm
C train_seed=7 scene=30027 success=True xy_error=1.19mm
C train_seed=7 scene=30028 success=True xy_error=1.40mm
C train_seed=7 scene=30029 success=True xy_error=0.36mm
C train_seed=7 scene=30030 success=True xy_error=2.58mm
C train_seed=7 scene=30031 success=True xy_error=3.17mm
C train_seed=7 scene=30032 success=True xy_error=1.33mm
C train_seed=7 scene=30033 success=True xy_error=1.03mm
C train_seed=7 scene=30034 success=True xy_error=1.58mm
C train_seed=7 scene=30035 success=True xy_error=1.39mm
C train_seed=7 scene=30036 success=True xy_error=1.13mm
C train_seed=7 scene=30037 success=True xy_error=0.07mm
C train_seed=7 scene=30038 success=True xy_error=2.54mm
C train_seed=7 scene=30039 success=True xy_error=1.02mm
C train_seed=7 scene=30040 success=True xy_error=1.98mm
C train_seed=7 scene=30041 success=True xy_error=0.53mm
C train_seed=7 scene=30042 success=True xy_error=1.07mm
C train_seed=7 scene=30043 success=True xy_error=2.40mm
C train_seed=7 scene=30044 success=True xy_error=0.84mm
C train_seed=7 scene=30045 success=True xy_error=1.77mm
C train_seed=7 scene=30046 success=True xy_error=1.70mm
C train_seed=7 scene=30047 success=True xy_error=0.85mm
C train_seed=7 scene=30048 success=True xy_error=1.72mm
C train_seed=7 scene=30049 success=True xy_error=1.19mm
C train_seed=7 scene=30050 success=True xy_error=1.05mm
C train_seed=7 scene=30051 success=True xy_error=0.53mm
C train_seed=7 scene=30052 success=True xy_error=2.04mm
C train_seed=7 scene=30053 success=True xy_error=1.89mm
C train_seed=7 scene=30054 success=True xy_error=2.60mm
C train_seed=7 scene=30055 success=True xy_error=3.07mm
C train_seed=7 scene=30056 success=True xy_error=1.93mm
C train_seed=7 scene=30057 success=True xy_error=1.36mm
C train_seed=7 scene=30058 success=True xy_error=1.17mm
C train_seed=7 scene=30059 success=True xy_error=2.92mm
C train_seed=7 scene=30060 success=True xy_error=1.83mm
C train_seed=7 scene=30061 success=True xy_error=0.72mm
C train_seed=7 scene=30062 success=True xy_error=0.56mm
C train_seed=7 scene=30063 success=True xy_error=1.37mm
D train_seed=7 scene=30000 success=True xy_error=0.33mm
D train_seed=7 scene=30001 success=True xy_error=0.87mm
D train_seed=7 scene=30002 success=True xy_error=0.68mm
D train_seed=7 scene=30003 success=True xy_error=0.48mm
D train_seed=7 scene=30004 success=True xy_error=2.45mm
D train_seed=7 scene=30005 success=True xy_error=0.82mm
D train_seed=7 scene=30006 success=True xy_error=0.77mm
D train_seed=7 scene=30007 success=True xy_error=1.69mm
D train_seed=7 scene=30008 success=True xy_error=1.09mm
D train_seed=7 scene=30009 success=True xy_error=1.63mm
D train_seed=7 scene=30010 success=True xy_error=0.82mm
D train_seed=7 scene=30011 success=True xy_error=0.92mm
D train_seed=7 scene=30012 success=True xy_error=2.56mm
D train_seed=7 scene=30013 success=True xy_error=1.43mm
D train_seed=7 scene=30014 success=True xy_error=1.28mm
D train_seed=7 scene=30015 success=True xy_error=1.65mm
D train_seed=7 scene=30016 success=True xy_error=1.69mm
D train_seed=7 scene=30017 success=True xy_error=0.50mm
D train_seed=7 scene=30018 success=True xy_error=1.38mm
D train_seed=7 scene=30019 success=True xy_error=2.74mm
D train_seed=7 scene=30020 success=True xy_error=0.92mm
D train_seed=7 scene=30021 success=True xy_error=1.62mm
D train_seed=7 scene=30022 success=True xy_error=1.15mm
D train_seed=7 scene=30023 success=True xy_error=1.43mm
D train_seed=7 scene=30024 success=True xy_error=1.33mm
D train_seed=7 scene=30025 success=True xy_error=1.23mm
D train_seed=7 scene=30026 success=True xy_error=1.94mm
D train_seed=7 scene=30027 success=True xy_error=1.09mm
D train_seed=7 scene=30028 success=True xy_error=1.16mm
D train_seed=7 scene=30029 success=True xy_error=1.47mm
D train_seed=7 scene=30030 success=True xy_error=3.38mm
D train_seed=7 scene=30031 success=True xy_error=0.24mm
D train_seed=7 scene=30032 success=True xy_error=1.55mm
D train_seed=7 scene=30033 success=True xy_error=1.00mm
D train_seed=7 scene=30034 success=True xy_error=2.20mm
D train_seed=7 scene=30035 success=True xy_error=0.74mm
D train_seed=7 scene=30036 success=True xy_error=1.44mm
D train_seed=7 scene=30037 success=True xy_error=0.75mm
D train_seed=7 scene=30038 success=True xy_error=1.39mm
D train_seed=7 scene=30039 success=True xy_error=0.93mm
D train_seed=7 scene=30040 success=True xy_error=1.15mm
D train_seed=7 scene=30041 success=True xy_error=1.29mm
D train_seed=7 scene=30042 success=True xy_error=0.94mm
D train_seed=7 scene=30043 success=True xy_error=0.91mm
D train_seed=7 scene=30044 success=True xy_error=1.59mm
D train_seed=7 scene=30045 success=True xy_error=2.18mm
D train_seed=7 scene=30046 success=True xy_error=1.48mm
D train_seed=7 scene=30047 success=True xy_error=0.58mm
D train_seed=7 scene=30048 success=True xy_error=1.37mm
D train_seed=7 scene=30049 success=True xy_error=1.17mm
D train_seed=7 scene=30050 success=True xy_error=1.02mm
D train_seed=7 scene=30051 success=True xy_error=0.72mm
D train_seed=7 scene=30052 success=True xy_error=2.63mm
D train_seed=7 scene=30053 success=True xy_error=1.23mm
D train_seed=7 scene=30054 success=True xy_error=2.36mm
D train_seed=7 scene=30055 success=True xy_error=1.24mm
D train_seed=7 scene=30056 success=True xy_error=0.57mm
D train_seed=7 scene=30057 success=True xy_error=1.39mm
D train_seed=7 scene=30058 success=True xy_error=1.70mm
D train_seed=7 scene=30059 success=True xy_error=1.05mm
D train_seed=7 scene=30060 success=True xy_error=2.57mm
D train_seed=7 scene=30061 success=True xy_error=1.01mm
D train_seed=7 scene=30062 success=True xy_error=1.19mm
D train_seed=7 scene=30063 success=True xy_error=1.62mm
[{"group": "A", "training_seed": 7, "scene_seeds": [30000, 30001, 30002, 30003, 30004, 30005, 30006, 30007, 30008, 30009, 30010, 30011, 30012, 30013, 30014, 30015, 30016, 30017, 30018, 30019, 30020, 30021, 30022, 30023, 30024, 30025, 30026, 30027, 30028, 30029, 30030, 30031, 30032, 30033, 30034, 30035, 30036, 30037, 30038, 30039, 30040, 30041, 30042, 30043, 30044, 30045, 30046, 30047, 30048, 30049, 30050, 30051, 30052, 30053, 30054, 30055, 30056, 30057, 30058, 30059, 30060, 30061, 30062, 30063], "checkpoint_sha256": "f205b3f916b362d7570da2879cf7f27110b0016ee2839fb9b3c8d7fcb6a5e7b4", "sim_config_sha256": "fa30186703956bf40afbf42df3b8c2a29f4263419316b911a04c158e5cc1c9fa", "sim_code_sha256": "103d93e2d444ec6fae7db2ef27e65ca80118a17ac02e162192adbd13e76f5a1a", "n": 64, "successes": 64, "success_rate": 1.0, "xy_mean_error_mm": 1.4582150214124587, "xy_median_error_mm": 1.349053603828284, "xy_p90_error_mm": 2.6114324646691687, "scope": "exploratory pilot-trained visual grasp evaluation; not final multi-session real-data evidence", "demo_is_first_scene_not_best_scene": true}, {"group": "B", "training_seed": 7, "scene_seeds": [30000, 30001, 30002, 30003, 30004, 30005, 30006, 30007, 30008, 30009, 30010, 30011, 30012, 30013, 30014, 30015, 30016, 30017, 30018, 30019, 30020, 30021, 30022, 30023, 30024, 30025, 30026, 30027, 30028, 30029, 30030, 30031, 30032, 30033, 30034, 30035, 30036, 30037, 30038, 30039, 30040, 30041, 30042, 30043, 30044, 30045, 30046, 30047, 30048, 30049, 30050, 30051, 30052, 30053, 30054, 30055, 30056, 30057, 30058, 30059, 30060, 30061, 30062, 30063], "checkpoint_sha256": "0fc670c2470c42097523982d866c4a4da13e0fc53915c059e9bc98a74c7e4878", "sim_config_sha256": "fa30186703956bf40afbf42df3b8c2a29f4263419316b911a04c158e5cc1c9fa", "sim_code_sha256": "103d93e2d444ec6fae7db2ef27e65ca80118a17ac02e162192adbd13e76f5a1a", "n": 64, "successes": 64, "success_rate": 1.0, "xy_mean_error_mm": 1.5277603924507464, "xy_median_error_mm": 1.5270856687425811, "xy_p90_error_mm": 2.4390937518648306, "scope": "exploratory pilot-trained visual grasp evaluation; not final multi-session real-data evidence", "demo_is_first_scene_not_best_scene": true}, {"group": "C", "training_seed": 7, "scene_seeds": [30000, 30001, 30002, 30003, 30004, 30005, 30006, 30007, 30008, 30009, 30010, 30011, 30012, 30013, 30014, 30015, 30016, 30017, 30018, 30019, 30020, 30021, 30022, 30023, 30024, 30025, 30026, 30027, 30028, 30029, 30030, 30031, 30032, 30033, 30034, 30035, 30036, 30037, 30038, 30039, 30040, 30041, 30042, 30043, 30044, 30045, 30046, 30047, 30048, 30049, 30050, 30051, 30052, 30053, 30054, 30055, 30056, 30057, 30058, 30059, 30060, 30061, 30062, 30063], "checkpoint_sha256": "4d534ab108f2b9eee79f6c06a2dfe312fd5b1f6928b73538cf3ba0e7bd09f3b6", "sim_config_sha256": "fa30186703956bf40afbf42df3b8c2a29f4263419316b911a04c158e5cc1c9fa", "sim_code_sha256": "103d93e2d444ec6fae7db2ef27e65ca80118a17ac02e162192adbd13e76f5a1a", "n": 64, "successes": 64, "success_rate": 1.0, "xy_mean_error_mm": 1.4790545939140658, "xy_median_error_mm": 1.3140851197229488, "xy_p90_error_mm": 2.683968152969942, "scope": "exploratory pilot-trained visual grasp evaluation; not final multi-session real-data evidence", "demo_is_first_scene_not_best_scene": true}, {"group": "D", "training_seed": 7, "scene_seeds": [30000, 30001, 30002, 30003, 30004, 30005, 30006, 30007, 30008, 30009, 30010, 30011, 30012, 30013, 30014, 30015, 30016, 30017, 30018, 30019, 30020, 30021, 30022, 30023, 30024, 30025, 30026, 30027, 30028, 30029, 30030, 30031, 30032, 30033, 30034, 30035, 30036, 30037, 30038, 30039, 30040, 30041, 30042, 30043, 30044, 30045, 30046, 30047, 30048, 30049, 30050, 30051, 30052, 30053, 30054, 30055, 30056, 30057, 30058, 30059, 30060, 30061, 30062, 30063], "checkpoint_sha256": "0ff69564b60ddffa241e8ba392a70ce29845c635e4df3431353e4e69143e9f03", "sim_config_sha256": "fa30186703956bf40afbf42df3b8c2a29f4263419316b911a04c158e5cc1c9fa", "sim_code_sha256": "103d93e2d444ec6fae7db2ef27e65ca80118a17ac02e162192adbd13e76f5a1a", "n": 64, "successes": 64, "success_rate": 1.0, "xy_mean_error_mm": 1.338730029234313, "xy_median_error_mm": 1.2354657506306819, "xy_p90_error_mm": 2.3145903045667584, "scope": "exploratory pilot-trained visual grasp evaluation; not final multi-session real-data evidence", "demo_is_first_scene_not_best_scene": true}]
