pybullet build time: Oct 21 2025 11:46:21
argv[0]=--background_color_red=0.9607843160629272
argv[1]=--background_color_green=0.9607843160629272
argv[2]=--background_color_blue=0.9607843160629272
R train_seed=27 scene=30000 success=True xy_error=2.09mm
R train_seed=27 scene=30001 success=True xy_error=1.40mm
R train_seed=27 scene=30002 success=True xy_error=1.12mm
R train_seed=27 scene=30003 success=True xy_error=3.89mm
R train_seed=27 scene=30004 success=True xy_error=1.19mm
R train_seed=27 scene=30005 success=True xy_error=0.81mm
R train_seed=27 scene=30006 success=True xy_error=3.04mm
R train_seed=27 scene=30007 success=True xy_error=1.84mm
R train_seed=27 scene=30008 success=True xy_error=4.20mm
R train_seed=27 scene=30009 success=True xy_error=2.12mm
R train_seed=27 scene=30010 success=True xy_error=3.50mm
R train_seed=27 scene=30011 success=True xy_error=1.83mm
R train_seed=27 scene=30012 success=True xy_error=1.65mm
R train_seed=27 scene=30013 success=True xy_error=3.68mm
R train_seed=27 scene=30014 success=True xy_error=2.24mm
R train_seed=27 scene=30015 success=True xy_error=0.94mm
R train_seed=27 scene=30016 success=True xy_error=2.50mm
R train_seed=27 scene=30017 success=True xy_error=0.88mm
R train_seed=27 scene=30018 success=True xy_error=1.15mm
R train_seed=27 scene=30019 success=True xy_error=1.03mm
R train_seed=27 scene=30020 success=True xy_error=2.04mm
R train_seed=27 scene=30021 success=True xy_error=1.51mm
R train_seed=27 scene=30022 success=True xy_error=0.52mm
R train_seed=27 scene=30023 success=True xy_error=1.10mm
R train_seed=27 scene=30024 success=True xy_error=2.62mm
R train_seed=27 scene=30025 success=True xy_error=1.65mm
R train_seed=27 scene=30026 success=True xy_error=3.91mm
R train_seed=27 scene=30027 success=True xy_error=1.74mm
R train_seed=27 scene=30028 success=True xy_error=0.28mm
R train_seed=27 scene=30029 success=True xy_error=1.27mm
R train_seed=27 scene=30030 success=True xy_error=0.79mm
R train_seed=27 scene=30031 success=True xy_error=0.79mm
R train_seed=27 scene=30032 success=True xy_error=2.10mm
R train_seed=27 scene=30033 success=True xy_error=1.10mm
R train_seed=27 scene=30034 success=True xy_error=3.21mm
R train_seed=27 scene=30035 success=True xy_error=1.98mm
R train_seed=27 scene=30036 success=True xy_error=0.72mm
R train_seed=27 scene=30037 success=True xy_error=1.72mm
R train_seed=27 scene=30038 success=True xy_error=4.39mm
R train_seed=27 scene=30039 success=True xy_error=1.44mm
R train_seed=27 scene=30040 success=True xy_error=0.52mm
R train_seed=27 scene=30041 success=True xy_error=0.55mm
R train_seed=27 scene=30042 success=True xy_error=0.99mm
R train_seed=27 scene=30043 success=True xy_error=2.35mm
R train_seed=27 scene=30044 success=True xy_error=2.12mm
R train_seed=27 scene=30045 success=True xy_error=1.21mm
R train_seed=27 scene=30046 success=True xy_error=2.39mm
R train_seed=27 scene=30047 success=True xy_error=1.61mm
R train_seed=27 scene=30048 success=True xy_error=2.12mm
R train_seed=27 scene=30049 success=True xy_error=0.62mm
R train_seed=27 scene=30050 success=True xy_error=1.48mm
R train_seed=27 scene=30051 success=True xy_error=1.34mm
R train_seed=27 scene=30052 success=True xy_error=1.65mm
R train_seed=27 scene=30053 success=True xy_error=2.68mm
R train_seed=27 scene=30054 success=True xy_error=1.72mm
R train_seed=27 scene=30055 success=True xy_error=0.82mm
R train_seed=27 scene=30056 success=True xy_error=1.75mm
R train_seed=27 scene=30057 success=True xy_error=1.98mm
R train_seed=27 scene=30058 success=True xy_error=1.45mm
R train_seed=27 scene=30059 success=True xy_error=3.75mm
R train_seed=27 scene=30060 success=True xy_error=2.14mm
R train_seed=27 scene=30061 success=True xy_error=0.73mm
R train_seed=27 scene=30062 success=True xy_error=2.77mm
R train_seed=27 scene=30063 success=True xy_error=2.72mm
[{"group": "R", "training_seed": 27, "scene_seeds": [30000, 30001, 30002, 30003, 30004, 30005, 30006, 30007, 30008, 30009, 30010, 30011, 30012, 30013, 30014, 30015, 30016, 30017, 30018, 30019, 30020, 30021, 30022, 30023, 30024, 30025, 30026, 30027, 30028, 30029, 30030, 30031, 30032, 30033, 30034, 30035, 30036, 30037, 30038, 30039, 30040, 30041, 30042, 30043, 30044, 30045, 30046, 30047, 30048, 30049, 30050, 30051, 30052, 30053, 30054, 30055, 30056, 30057, 30058, 30059, 30060, 30061, 30062, 30063], "checkpoint_sha256": "85fa1075324efe582c17495d513cd49c5b9557dd65ceca1d47141be431acd6e7", "sim_config_sha256": "fa30186703956bf40afbf42df3b8c2a29f4263419316b911a04c158e5cc1c9fa", "sim_code_sha256": "103d93e2d444ec6fae7db2ef27e65ca80118a17ac02e162192adbd13e76f5a1a", "n": 64, "successes": 64, "success_rate": 1.0, "xy_mean_error_mm": 1.835028321171195, "xy_median_error_mm": 1.6839969007356925, "xy_p90_error_mm": 3.4150808332162383, "scope": "exploratory pilot-trained visual grasp evaluation; not final multi-session real-data evidence", "demo_is_first_scene_not_best_scene": true}]
