pybullet build time: Oct 21 2025 11:46:21
argv[0]=--background_color_red=0.9607843160629272
argv[1]=--background_color_green=0.9607843160629272
argv[2]=--background_color_blue=0.9607843160629272
R train_seed=17 scene=30000 success=True xy_error=2.03mm
R train_seed=17 scene=30001 success=True xy_error=1.73mm
R train_seed=17 scene=30002 success=True xy_error=0.91mm
R train_seed=17 scene=30003 success=True xy_error=1.99mm
R train_seed=17 scene=30004 success=True xy_error=0.19mm
R train_seed=17 scene=30005 success=True xy_error=1.33mm
R train_seed=17 scene=30006 success=True xy_error=1.81mm
R train_seed=17 scene=30007 success=True xy_error=1.43mm
R train_seed=17 scene=30008 success=True xy_error=2.05mm
R train_seed=17 scene=30009 success=True xy_error=1.37mm
R train_seed=17 scene=30010 success=True xy_error=1.71mm
R train_seed=17 scene=30011 success=True xy_error=0.94mm
R train_seed=17 scene=30012 success=True xy_error=0.54mm
R train_seed=17 scene=30013 success=True xy_error=2.25mm
R train_seed=17 scene=30014 success=True xy_error=0.59mm
R train_seed=17 scene=30015 success=True xy_error=0.93mm
R train_seed=17 scene=30016 success=True xy_error=2.20mm
R train_seed=17 scene=30017 success=True xy_error=0.55mm
R train_seed=17 scene=30018 success=True xy_error=3.32mm
R train_seed=17 scene=30019 success=True xy_error=1.80mm
R train_seed=17 scene=30020 success=True xy_error=0.42mm
R train_seed=17 scene=30021 success=True xy_error=1.76mm
R train_seed=17 scene=30022 success=True xy_error=1.30mm
R train_seed=17 scene=30023 success=True xy_error=1.07mm
R train_seed=17 scene=30024 success=True xy_error=1.27mm
R train_seed=17 scene=30025 success=True xy_error=0.98mm
R train_seed=17 scene=30026 success=True xy_error=2.25mm
R train_seed=17 scene=30027 success=True xy_error=0.32mm
R train_seed=17 scene=30028 success=True xy_error=1.18mm
R train_seed=17 scene=30029 success=True xy_error=1.20mm
R train_seed=17 scene=30030 success=True xy_error=1.03mm
R train_seed=17 scene=30031 success=True xy_error=1.29mm
R train_seed=17 scene=30032 success=True xy_error=1.97mm
R train_seed=17 scene=30033 success=True xy_error=1.71mm
R train_seed=17 scene=30034 success=True xy_error=1.81mm
R train_seed=17 scene=30035 success=True xy_error=0.79mm
R train_seed=17 scene=30036 success=True xy_error=1.30mm
R train_seed=17 scene=30037 success=True xy_error=1.74mm
R train_seed=17 scene=30038 success=True xy_error=2.55mm
R train_seed=17 scene=30039 success=True xy_error=0.86mm
R train_seed=17 scene=30040 success=True xy_error=0.94mm
R train_seed=17 scene=30041 success=True xy_error=0.68mm
R train_seed=17 scene=30042 success=True xy_error=1.66mm
R train_seed=17 scene=30043 success=True xy_error=1.10mm
R train_seed=17 scene=30044 success=True xy_error=2.85mm
R train_seed=17 scene=30045 success=True xy_error=1.61mm
R train_seed=17 scene=30046 success=True xy_error=1.44mm
R train_seed=17 scene=30047 success=True xy_error=1.34mm
R train_seed=17 scene=30048 success=True xy_error=0.96mm
R train_seed=17 scene=30049 success=True xy_error=3.50mm
R train_seed=17 scene=30050 success=True xy_error=2.55mm
R train_seed=17 scene=30051 success=True xy_error=1.21mm
R train_seed=17 scene=30052 success=True xy_error=0.47mm
R train_seed=17 scene=30053 success=True xy_error=1.27mm
R train_seed=17 scene=30054 success=True xy_error=1.84mm
R train_seed=17 scene=30055 success=True xy_error=0.68mm
R train_seed=17 scene=30056 success=True xy_error=1.81mm
R train_seed=17 scene=30057 success=True xy_error=1.16mm
R train_seed=17 scene=30058 success=True xy_error=1.37mm
R train_seed=17 scene=30059 success=True xy_error=2.73mm
R train_seed=17 scene=30060 success=True xy_error=1.61mm
R train_seed=17 scene=30061 success=True xy_error=2.60mm
R train_seed=17 scene=30062 success=True xy_error=1.93mm
R train_seed=17 scene=30063 success=True xy_error=1.65mm
[{"group": "R", "training_seed": 17, "scene_seeds": [30000, 30001, 30002, 30003, 30004, 30005, 30006, 30007, 30008, 30009, 30010, 30011, 30012, 30013, 30014, 30015, 30016, 30017, 30018, 30019, 30020, 30021, 30022, 30023, 30024, 30025, 30026, 30027, 30028, 30029, 30030, 30031, 30032, 30033, 30034, 30035, 30036, 30037, 30038, 30039, 30040, 30041, 30042, 30043, 30044, 30045, 30046, 30047, 30048, 30049, 30050, 30051, 30052, 30053, 30054, 30055, 30056, 30057, 30058, 30059, 30060, 30061, 30062, 30063], "checkpoint_sha256": "c89f3496c7af6a328edb03f70bf2496ffa98884d7a5bfcac1c22c1209fccd9ac", "sim_config_sha256": "fa30186703956bf40afbf42df3b8c2a29f4263419316b911a04c158e5cc1c9fa", "sim_code_sha256": "103d93e2d444ec6fae7db2ef27e65ca80118a17ac02e162192adbd13e76f5a1a", "n": 64, "successes": 64, "success_rate": 1.0, "xy_mean_error_mm": 1.4908406960640628, "xy_median_error_mm": 1.3685060640278772, "xy_p90_error_mm": 2.4594041604240515, "scope": "exploratory pilot-trained visual grasp evaluation; not final multi-session real-data evidence", "demo_is_first_scene_not_best_scene": true}]
