Collecting Farama-Notifications==0.0.6 (from -r configs\pip-win-64-lock.txt (line 1))
  Using cached farama_notifications-0.0.6-py3-none-any.whl.metadata (729 bytes)
Collecting Jinja2==3.1.6 (from -r configs\pip-win-64-lock.txt (line 2))
  Downloading jinja2-3.1.6-py3-none-any.whl.metadata (2.9 kB)
Collecting MarkupSafe==3.0.3 (from -r configs\pip-win-64-lock.txt (line 3))
  Downloading markupsafe-3.0.3-cp311-cp311-win_amd64.whl.metadata (2.8 kB)
Collecting PyYAML==6.0.2 (from -r configs\pip-win-64-lock.txt (line 4))
  Using cached PyYAML-6.0.2-cp311-cp311-win_amd64.whl.metadata (2.1 kB)
Collecting absl-py==2.5.0 (from -r configs\pip-win-64-lock.txt (line 5))
  Using cached absl_py-2.5.0-py3-none-any.whl.metadata (3.3 kB)
Collecting certifi==2026.7.22 (from -r configs\pip-win-64-lock.txt (line 6))
  Using cached certifi-2026.7.22-py3-none-any.whl.metadata (2.5 kB)
Collecting cffi==2.1.1 (from -r configs\pip-win-64-lock.txt (line 7))
  Using cached cffi-2.1.1-cp311-cp311-win_amd64.whl.metadata (2.6 kB)
Collecting cloudpickle==3.1.2 (from -r configs\pip-win-64-lock.txt (line 8))
  Using cached cloudpickle-3.1.2-py3-none-any.whl.metadata (7.1 kB)
Collecting colorama==0.4.6 (from -r configs\pip-win-64-lock.txt (line 9))
  Using cached colorama-0.4.6-py2.py3-none-any.whl.metadata (17 kB)
Collecting contourpy==1.3.3 (from -r configs\pip-win-64-lock.txt (line 10))
  Using cached contourpy-1.3.3-cp311-cp311-win_amd64.whl.metadata (5.5 kB)
Collecting cycler==0.12.1 (from -r configs\pip-win-64-lock.txt (line 11))
  Using cached cycler-0.12.1-py3-none-any.whl.metadata (3.8 kB)
Collecting filelock==3.32.3 (from -r configs\pip-win-64-lock.txt (line 12))
  Using cached filelock-3.32.3-py3-none-any.whl.metadata (2.0 kB)
Collecting flatbuffers==25.12.19 (from -r configs\pip-win-64-lock.txt (line 13))
  Using cached flatbuffers-25.12.19-py2.py3-none-any.whl.metadata (1.0 kB)
Collecting fonttools==4.66.1 (from -r configs\pip-win-64-lock.txt (line 14))
  Using cached fonttools-4.66.1-cp311-cp311-win_amd64.whl.metadata (132 kB)
Collecting fsspec==2026.7.0 (from -r configs\pip-win-64-lock.txt (line 15))
  Using cached fsspec-2026.7.0-py3-none-any.whl.metadata (10 kB)
Collecting gymnasium==0.29.1 (from -r configs\pip-win-64-lock.txt (line 16))
  Using cached gymnasium-0.29.1-py3-none-any.whl.metadata (10 kB)
Collecting imageio-ffmpeg==0.6.0 (from -r configs\pip-win-64-lock.txt (line 17))
  Using cached imageio_ffmpeg-0.6.0-py3-none-win_amd64.whl.metadata (1.5 kB)
Collecting imageio==2.37.0 (from -r configs\pip-win-64-lock.txt (line 18))
  Using cached imageio-2.37.0-py3-none-any.whl.metadata (5.2 kB)
Collecting iniconfig==2.3.0 (from -r configs\pip-win-64-lock.txt (line 19))
  Using cached iniconfig-2.3.0-py3-none-any.whl.metadata (2.5 kB)
Collecting kiwisolver==1.5.1 (from -r configs\pip-win-64-lock.txt (line 20))
  Using cached kiwisolver-1.5.1-cp311-cp311-win_amd64.whl.metadata (5.2 kB)
Collecting matplotlib==3.11.2 (from -r configs\pip-win-64-lock.txt (line 21))
  Using cached matplotlib-3.11.2-cp311-cp311-win_amd64.whl.metadata (80 kB)
Collecting mediapipe==1.0.1 (from -r configs\pip-win-64-lock.txt (line 22))
  Using cached mediapipe-1.0.1-py3-none-win_amd64.whl.metadata (10 kB)
Collecting mpmath==1.3.0 (from -r configs\pip-win-64-lock.txt (line 23))
  Using cached mpmath-1.3.0-py3-none-any.whl.metadata (8.6 kB)
Collecting networkx==3.6.1 (from -r configs\pip-win-64-lock.txt (line 24))
  Using cached networkx-3.6.1-py3-none-any.whl.metadata (6.8 kB)
Collecting opencv-contrib-python==4.11.0.86 (from -r configs\pip-win-64-lock.txt (line 25))
  Using cached opencv_contrib_python-4.11.0.86-cp37-abi3-win_amd64.whl.metadata (20 kB)
Collecting panda-gym==3.0.7 (from -r configs\pip-win-64-lock.txt (line 26))
  Using cached panda_gym-3.0.7-py3-none-any.whl.metadata (4.3 kB)
Collecting pillow==12.3.0 (from -r configs\pip-win-64-lock.txt (line 27))
  Using cached pillow-12.3.0-cp311-cp311-win_amd64.whl.metadata (9.3 kB)
Collecting pluggy==1.6.0 (from -r configs\pip-win-64-lock.txt (line 28))
  Using cached pluggy-1.6.0-py3-none-any.whl.metadata (4.8 kB)
Collecting psutil==7.0.0 (from -r configs\pip-win-64-lock.txt (line 29))
  Using cached psutil-7.0.0-cp37-abi3-win_amd64.whl.metadata (23 kB)
Collecting pycparser==3.0 (from -r configs\pip-win-64-lock.txt (line 30))
  Using cached pycparser-3.0-py3-none-any.whl.metadata (8.2 kB)
Collecting pyparsing==3.3.3 (from -r configs\pip-win-64-lock.txt (line 31))
  Using cached pyparsing-3.3.3-py3-none-any.whl.metadata (5.9 kB)
Collecting pytest==8.3.5 (from -r configs\pip-win-64-lock.txt (line 32))
  Using cached pytest-8.3.5-py3-none-any.whl.metadata (7.6 kB)
Collecting python-dateutil==2.9.0.post0 (from -r configs\pip-win-64-lock.txt (line 33))
  Using cached python_dateutil-2.9.0.post0-py2.py3-none-any.whl.metadata (8.4 kB)
Collecting scipy==1.17.1 (from -r configs\pip-win-64-lock.txt (line 34))
  Using cached scipy-1.17.1-cp311-cp311-win_amd64.whl.metadata (60 kB)
Collecting six==1.17.0 (from -r configs\pip-win-64-lock.txt (line 35))
  Using cached six-1.17.0-py2.py3-none-any.whl.metadata (1.7 kB)
Collecting sounddevice==0.5.6 (from -r configs\pip-win-64-lock.txt (line 36))
  Using cached sounddevice-0.5.6-py3-none-win_amd64.whl.metadata (1.4 kB)
Collecting sympy==1.14.0 (from -r configs\pip-win-64-lock.txt (line 37))
  Using cached sympy-1.14.0-py3-none-any.whl.metadata (12 kB)
Collecting typing_extensions==4.16.0 (from -r configs\pip-win-64-lock.txt (line 38))
  Using cached typing_extensions-4.16.0-py3-none-any.whl.metadata (3.3 kB)
Using cached farama_notifications-0.0.6-py3-none-any.whl (2.9 kB)
Downloading jinja2-3.1.6-py3-none-any.whl (134 kB)
Downloading markupsafe-3.0.3-cp311-cp311-win_amd64.whl (15 kB)
Using cached PyYAML-6.0.2-cp311-cp311-win_amd64.whl (161 kB)
Using cached absl_py-2.5.0-py3-none-any.whl (137 kB)
Using cached certifi-2026.7.22-py3-none-any.whl (136 kB)
Using cached cffi-2.1.1-cp311-cp311-win_amd64.whl (185 kB)
Using cached cloudpickle-3.1.2-py3-none-any.whl (22 kB)
Using cached colorama-0.4.6-py2.py3-none-any.whl (25 kB)
Using cached contourpy-1.3.3-cp311-cp311-win_amd64.whl (225 kB)
Using cached cycler-0.12.1-py3-none-any.whl (8.3 kB)
Using cached filelock-3.32.3-py3-none-any.whl (98 kB)
Using cached flatbuffers-25.12.19-py2.py3-none-any.whl (26 kB)
Using cached fonttools-4.66.1-cp311-cp311-win_amd64.whl (1.6 MB)
Using cached fsspec-2026.7.0-py3-none-any.whl (206 kB)
Using cached gymnasium-0.29.1-py3-none-any.whl (953 kB)
Using cached imageio_ffmpeg-0.6.0-py3-none-win_amd64.whl (31.2 MB)
Using cached imageio-2.37.0-py3-none-any.whl (315 kB)
Using cached iniconfig-2.3.0-py3-none-any.whl (7.5 kB)
Using cached kiwisolver-1.5.1-cp311-cp311-win_amd64.whl (70 kB)
Using cached matplotlib-3.11.2-cp311-cp311-win_amd64.whl (9.3 MB)
Using cached mediapipe-1.0.1-py3-none-win_amd64.whl (20.1 MB)
Using cached mpmath-1.3.0-py3-none-any.whl (536 kB)
Using cached networkx-3.6.1-py3-none-any.whl (2.1 MB)
Using cached opencv_contrib_python-4.11.0.86-cp37-abi3-win_amd64.whl (46.2 MB)
Using cached panda_gym-3.0.7-py3-none-any.whl (23 kB)
Using cached pillow-12.3.0-cp311-cp311-win_amd64.whl (7.2 MB)
Using cached pluggy-1.6.0-py3-none-any.whl (20 kB)
Using cached psutil-7.0.0-cp37-abi3-win_amd64.whl (244 kB)
Using cached pycparser-3.0-py3-none-any.whl (48 kB)
Using cached pyparsing-3.3.3-py3-none-any.whl (126 kB)
Using cached pytest-8.3.5-py3-none-any.whl (343 kB)
Using cached python_dateutil-2.9.0.post0-py2.py3-none-any.whl (229 kB)
Using cached scipy-1.17.1-cp311-cp311-win_amd64.whl (36.6 MB)
Using cached six-1.17.0-py2.py3-none-any.whl (11 kB)
Using cached sounddevice-0.5.6-py3-none-win_amd64.whl (1.0 MB)
Using cached sympy-1.14.0-py3-none-any.whl (6.3 MB)
Using cached typing_extensions-4.16.0-py3-none-any.whl (45 kB)
Installing collected packages: panda-gym, mpmath, mediapipe, flatbuffers, Farama-Notifications, typing_extensions, sympy, sounddevice, six, scipy, PyYAML, python-dateutil, pytest, pyparsing, pycparser, psutil, pluggy, pillow, opencv-contrib-python, networkx, matplotlib, MarkupSafe, kiwisolver, Jinja2, iniconfig, imageio-ffmpeg, imageio, gymnasium, fsspec, fonttools, filelock, cycler, contourpy, colorama, cloudpickle, cffi, certifi, absl-py
  WARNING: The script isympy.exe is installed in 'E:\HumanoidRobotLearning\work\clean_env_v1\Scripts' which is not on PATH.
  Consider adding this directory to PATH or, if you prefer to suppress this warning, use --no-warn-script-location.
  WARNING: The scripts py.test.exe and pytest.exe are installed in 'E:\HumanoidRobotLearning\work\clean_env_v1\Scripts' which is not on PATH.
  Consider adding this directory to PATH or, if you prefer to suppress this warning, use --no-warn-script-location.
  WARNING: The scripts imageio_download_bin.exe and imageio_remove_bin.exe are installed in 'E:\HumanoidRobotLearning\work\clean_env_v1\Scripts' which is not on PATH.
  Consider adding this directory to PATH or, if you prefer to suppress this warning, use --no-warn-script-location.
  WARNING: The scripts fonttools.exe, pyftmerge.exe, pyftsubset.exe and ttx.exe are installed in 'E:\HumanoidRobotLearning\work\clean_env_v1\Scripts' which is not on PATH.
  Consider adding this directory to PATH or, if you prefer to suppress this warning, use --no-warn-script-location.
  WARNING: The script cffi-gen-src.exe is installed in 'E:\HumanoidRobotLearning\work\clean_env_v1\Scripts' which is not on PATH.
  Consider adding this directory to PATH or, if you prefer to suppress this warning, use --no-warn-script-location.

Successfully installed Farama-Notifications-0.0.6 Jinja2-3.1.6 MarkupSafe-3.0.3 PyYAML-6.0.2 absl-py-2.5.0 certifi-2026.7.22 cffi-2.1.1 cloudpickle-3.1.2 colorama-0.4.6 contourpy-1.3.3 cycler-0.12.1 filelock-3.32.3 flatbuffers-25.12.19 fonttools-4.66.1 fsspec-2026.7.0 gymnasium-0.29.1 imageio-2.37.0 imageio-ffmpeg-0.6.0 iniconfig-2.3.0 kiwisolver-1.5.1 matplotlib-3.11.2 mediapipe-1.0.1 mpmath-1.3.0 networkx-3.6.1 opencv-contrib-python-4.11.0.86 panda-gym-3.0.7 pillow-12.3.0 pluggy-1.6.0 psutil-7.0.0 pycparser-3.0 pyparsing-3.3.3 pytest-8.3.5 python-dateutil-2.9.0.post0 scipy-1.17.1 six-1.17.0 sounddevice-0.5.6 sympy-1.14.0 typing_extensions-4.16.0
