pybullet build time: Oct 21 2025 11:46:21
argv[0]=--background_color_red=0.9607843160629272
argv[1]=--background_color_green=0.9607843160629272
argv[2]=--background_color_blue=0.9607843160629272
A train_seed=17 scene=30000 success=True xy_error=5.07mm
A train_seed=17 scene=30001 success=True xy_error=1.00mm
A train_seed=17 scene=30002 success=True xy_error=7.34mm
A train_seed=17 scene=30003 success=True xy_error=11.97mm
A train_seed=17 scene=30004 success=True xy_error=0.22mm
A train_seed=17 scene=30005 success=True xy_error=6.32mm
A train_seed=17 scene=30006 success=True xy_error=1.01mm
A train_seed=17 scene=30007 success=True xy_error=5.65mm
A train_seed=17 scene=30008 success=True xy_error=9.60mm
A train_seed=17 scene=30009 success=True xy_error=3.06mm
A train_seed=17 scene=30010 success=True xy_error=2.71mm
A train_seed=17 scene=30011 success=True xy_error=1.62mm
A train_seed=17 scene=30012 success=True xy_error=3.75mm
A train_seed=17 scene=30013 success=True xy_error=1.86mm
A train_seed=17 scene=30014 success=True xy_error=14.52mm
A train_seed=17 scene=30015 success=True xy_error=1.49mm
A train_seed=17 scene=30016 success=True xy_error=4.75mm
A train_seed=17 scene=30017 success=True xy_error=0.56mm
A train_seed=17 scene=30018 success=True xy_error=3.97mm
A train_seed=17 scene=30019 success=True xy_error=3.54mm
A train_seed=17 scene=30020 success=True xy_error=3.28mm
A train_seed=17 scene=30021 success=True xy_error=2.90mm
A train_seed=17 scene=30022 success=True xy_error=1.84mm
A train_seed=17 scene=30023 success=True xy_error=5.41mm
A train_seed=17 scene=30024 success=True xy_error=2.34mm
A train_seed=17 scene=30025 success=True xy_error=1.94mm
A train_seed=17 scene=30026 success=True xy_error=3.05mm
A train_seed=17 scene=30027 success=True xy_error=3.20mm
A train_seed=17 scene=30028 success=True xy_error=0.39mm
A train_seed=17 scene=30029 success=True xy_error=1.34mm
A train_seed=17 scene=30030 success=True xy_error=2.42mm
A train_seed=17 scene=30031 success=True xy_error=10.57mm
A train_seed=17 scene=30032 success=True xy_error=1.41mm
A train_seed=17 scene=30033 success=True xy_error=1.86mm
A train_seed=17 scene=30034 success=True xy_error=1.69mm
A train_seed=17 scene=30035 success=True xy_error=0.66mm
A train_seed=17 scene=30036 success=True xy_error=0.78mm
A train_seed=17 scene=30037 success=True xy_error=3.86mm
A train_seed=17 scene=30038 success=False xy_error=22.99mm
A train_seed=17 scene=30039 success=True xy_error=3.18mm
A train_seed=17 scene=30040 success=True xy_error=0.71mm
A train_seed=17 scene=30041 success=True xy_error=4.36mm
A train_seed=17 scene=30042 success=True xy_error=0.94mm
A train_seed=17 scene=30043 success=True xy_error=0.75mm
A train_seed=17 scene=30044 success=True xy_error=13.36mm
A train_seed=17 scene=30045 success=True xy_error=0.77mm
A train_seed=17 scene=30046 success=True xy_error=2.14mm
A train_seed=17 scene=30047 success=True xy_error=6.36mm
A train_seed=17 scene=30048 success=True xy_error=8.91mm
A train_seed=17 scene=30049 success=True xy_error=1.60mm
A train_seed=17 scene=30050 success=True xy_error=4.23mm
A train_seed=17 scene=30051 success=True xy_error=2.36mm
A train_seed=17 scene=30052 success=True xy_error=4.45mm
A train_seed=17 scene=30053 success=True xy_error=2.27mm
A train_seed=17 scene=30054 success=True xy_error=12.56mm
A train_seed=17 scene=30055 success=True xy_error=2.05mm
A train_seed=17 scene=30056 success=False xy_error=21.59mm
A train_seed=17 scene=30057 success=True xy_error=3.09mm
A train_seed=17 scene=30058 success=True xy_error=1.35mm
A train_seed=17 scene=30059 success=True xy_error=9.46mm
A train_seed=17 scene=30060 success=True xy_error=1.67mm
A train_seed=17 scene=30061 success=True xy_error=0.85mm
A train_seed=17 scene=30062 success=True xy_error=5.36mm
A train_seed=17 scene=30063 success=True xy_error=2.09mm
B train_seed=17 scene=30000 success=True xy_error=5.79mm
B train_seed=17 scene=30001 success=True xy_error=3.92mm
B train_seed=17 scene=30002 success=True xy_error=6.20mm
B train_seed=17 scene=30003 success=True xy_error=14.92mm
B train_seed=17 scene=30004 success=True xy_error=2.11mm
B train_seed=17 scene=30005 success=True xy_error=3.38mm
B train_seed=17 scene=30006 success=True xy_error=0.99mm
B train_seed=17 scene=30007 success=True xy_error=3.21mm
B train_seed=17 scene=30008 success=True xy_error=12.39mm
B train_seed=17 scene=30009 success=True xy_error=2.79mm
B train_seed=17 scene=30010 success=True xy_error=5.31mm
B train_seed=17 scene=30011 success=True xy_error=2.72mm
B train_seed=17 scene=30012 success=True xy_error=3.09mm
B train_seed=17 scene=30013 success=True xy_error=3.23mm
B train_seed=17 scene=30014 success=False xy_error=17.39mm
B train_seed=17 scene=30015 success=True xy_error=1.76mm
B train_seed=17 scene=30016 success=True xy_error=7.19mm
B train_seed=17 scene=30017 success=True xy_error=2.60mm
B train_seed=17 scene=30018 success=True xy_error=4.75mm
B train_seed=17 scene=30019 success=True xy_error=2.57mm
B train_seed=17 scene=30020 success=True xy_error=5.20mm
B train_seed=17 scene=30021 success=True xy_error=2.85mm
B train_seed=17 scene=30022 success=True xy_error=2.36mm
B train_seed=17 scene=30023 success=True xy_error=6.61mm
B train_seed=17 scene=30024 success=True xy_error=5.08mm
B train_seed=17 scene=30025 success=True xy_error=1.44mm
B train_seed=17 scene=30026 success=True xy_error=1.90mm
B train_seed=17 scene=30027 success=True xy_error=3.34mm
B train_seed=17 scene=30028 success=True xy_error=1.85mm
B train_seed=17 scene=30029 success=True xy_error=3.05mm
B train_seed=17 scene=30030 success=True xy_error=1.26mm
B train_seed=17 scene=30031 success=True xy_error=11.73mm
B train_seed=17 scene=30032 success=True xy_error=0.60mm
B train_seed=17 scene=30033 success=True xy_error=2.96mm
B train_seed=17 scene=30034 success=True xy_error=2.40mm
B train_seed=17 scene=30035 success=True xy_error=1.53mm
B train_seed=17 scene=30036 success=True xy_error=1.51mm
B train_seed=17 scene=30037 success=True xy_error=7.05mm
B train_seed=17 scene=30038 success=False xy_error=26.71mm
B train_seed=17 scene=30039 success=True xy_error=3.66mm
B train_seed=17 scene=30040 success=True xy_error=2.46mm
B train_seed=17 scene=30041 success=True xy_error=0.63mm
B train_seed=17 scene=30042 success=True xy_error=1.87mm
B train_seed=17 scene=30043 success=True xy_error=0.77mm
B train_seed=17 scene=30044 success=False xy_error=16.18mm
B train_seed=17 scene=30045 success=True xy_error=1.90mm
B train_seed=17 scene=30046 success=True xy_error=2.60mm
B train_seed=17 scene=30047 success=True xy_error=5.59mm
B train_seed=17 scene=30048 success=True xy_error=11.32mm
B train_seed=17 scene=30049 success=True xy_error=1.93mm
B train_seed=17 scene=30050 success=True xy_error=5.61mm
B train_seed=17 scene=30051 success=True xy_error=2.90mm
B train_seed=17 scene=30052 success=True xy_error=6.37mm
B train_seed=17 scene=30053 success=True xy_error=4.10mm
B train_seed=17 scene=30054 success=True xy_error=13.59mm
B train_seed=17 scene=30055 success=True xy_error=0.87mm
B train_seed=17 scene=30056 success=False xy_error=23.88mm
B train_seed=17 scene=30057 success=True xy_error=4.66mm
B train_seed=17 scene=30058 success=True xy_error=2.00mm
B train_seed=17 scene=30059 success=True xy_error=9.23mm
B train_seed=17 scene=30060 success=True xy_error=2.29mm
B train_seed=17 scene=30061 success=True xy_error=1.30mm
B train_seed=17 scene=30062 success=True xy_error=7.60mm
B train_seed=17 scene=30063 success=True xy_error=0.91mm
C train_seed=17 scene=30000 success=True xy_error=0.88mm
C train_seed=17 scene=30001 success=True xy_error=1.27mm
C train_seed=17 scene=30002 success=True xy_error=6.39mm
C train_seed=17 scene=30003 success=True xy_error=9.86mm
C train_seed=17 scene=30004 success=True xy_error=2.39mm
C train_seed=17 scene=30005 success=True xy_error=4.39mm
C train_seed=17 scene=30006 success=True xy_error=0.88mm
C train_seed=17 scene=30007 success=True xy_error=4.87mm
C train_seed=17 scene=30008 success=True xy_error=9.14mm
C train_seed=17 scene=30009 success=True xy_error=0.95mm
C train_seed=17 scene=30010 success=True xy_error=0.79mm
C train_seed=17 scene=30011 success=True xy_error=1.61mm
C train_seed=17 scene=30012 success=True xy_error=2.73mm
C train_seed=17 scene=30013 success=True xy_error=1.38mm
C train_seed=17 scene=30014 success=True xy_error=12.23mm
C train_seed=17 scene=30015 success=True xy_error=3.28mm
C train_seed=17 scene=30016 success=True xy_error=3.11mm
C train_seed=17 scene=30017 success=True xy_error=1.53mm
C train_seed=17 scene=30018 success=True xy_error=5.39mm
C train_seed=17 scene=30019 success=True xy_error=1.89mm
C train_seed=17 scene=30020 success=True xy_error=0.62mm
C train_seed=17 scene=30021 success=True xy_error=0.64mm
C train_seed=17 scene=30022 success=True xy_error=2.74mm
C train_seed=17 scene=30023 success=True xy_error=5.58mm
C train_seed=17 scene=30024 success=True xy_error=3.00mm
C train_seed=17 scene=30025 success=True xy_error=1.92mm
C train_seed=17 scene=30026 success=True xy_error=1.65mm
C train_seed=17 scene=30027 success=True xy_error=2.49mm
C train_seed=17 scene=30028 success=True xy_error=3.00mm
C train_seed=17 scene=30029 success=True xy_error=1.48mm
C train_seed=17 scene=30030 success=True xy_error=2.50mm
C train_seed=17 scene=30031 success=True xy_error=11.34mm
C train_seed=17 scene=30032 success=True xy_error=1.18mm
C train_seed=17 scene=30033 success=True xy_error=1.93mm
C train_seed=17 scene=30034 success=True xy_error=3.99mm
C train_seed=17 scene=30035 success=True xy_error=1.08mm
C train_seed=17 scene=30036 success=True xy_error=1.00mm
C train_seed=17 scene=30037 success=True xy_error=1.85mm
C train_seed=17 scene=30038 success=False xy_error=19.96mm
C train_seed=17 scene=30039 success=True xy_error=2.80mm
C train_seed=17 scene=30040 success=True xy_error=2.69mm
C train_seed=17 scene=30041 success=True xy_error=2.31mm
C train_seed=17 scene=30042 success=True xy_error=0.98mm
C train_seed=17 scene=30043 success=True xy_error=0.80mm
C train_seed=17 scene=30044 success=True xy_error=11.29mm
C train_seed=17 scene=30045 success=True xy_error=0.91mm
C train_seed=17 scene=30046 success=True xy_error=0.82mm
C train_seed=17 scene=30047 success=True xy_error=6.39mm
C train_seed=17 scene=30048 success=True xy_error=7.33mm
C train_seed=17 scene=30049 success=True xy_error=1.47mm
C train_seed=17 scene=30050 success=True xy_error=4.04mm
C train_seed=17 scene=30051 success=True xy_error=0.51mm
C train_seed=17 scene=30052 success=True xy_error=5.92mm
C train_seed=17 scene=30053 success=True xy_error=2.51mm
C train_seed=17 scene=30054 success=True xy_error=10.48mm
C train_seed=17 scene=30055 success=True xy_error=1.94mm
C train_seed=17 scene=30056 success=False xy_error=17.97mm
C train_seed=17 scene=30057 success=True xy_error=3.71mm
C train_seed=17 scene=30058 success=True xy_error=2.82mm
C train_seed=17 scene=30059 success=True xy_error=9.74mm
C train_seed=17 scene=30060 success=True xy_error=1.55mm
C train_seed=17 scene=30061 success=True xy_error=0.69mm
C train_seed=17 scene=30062 success=True xy_error=5.66mm
C train_seed=17 scene=30063 success=True xy_error=1.09mm
D train_seed=17 scene=30000 success=True xy_error=4.94mm
D train_seed=17 scene=30001 success=True xy_error=3.64mm
D train_seed=17 scene=30002 success=True xy_error=10.16mm
D train_seed=17 scene=30003 success=True xy_error=13.14mm
D train_seed=17 scene=30004 success=True xy_error=1.20mm
D train_seed=17 scene=30005 success=True xy_error=7.80mm
D train_seed=17 scene=30006 success=True xy_error=1.86mm
D train_seed=17 scene=30007 success=True xy_error=4.69mm
D train_seed=17 scene=30008 success=True xy_error=10.95mm
D train_seed=17 scene=30009 success=True xy_error=2.66mm
D train_seed=17 scene=30010 success=True xy_error=1.59mm
D train_seed=17 scene=30011 success=True xy_error=1.97mm
D train_seed=17 scene=30012 success=True xy_error=1.22mm
D train_seed=17 scene=30013 success=True xy_error=2.03mm
D train_seed=17 scene=30014 success=True xy_error=13.91mm
D train_seed=17 scene=30015 success=True xy_error=0.38mm
D train_seed=17 scene=30016 success=True xy_error=4.58mm
D train_seed=17 scene=30017 success=True xy_error=1.64mm
D train_seed=17 scene=30018 success=True xy_error=4.77mm
D train_seed=17 scene=30019 success=True xy_error=6.13mm
D train_seed=17 scene=30020 success=True xy_error=3.20mm
D train_seed=17 scene=30021 success=True xy_error=6.27mm
D train_seed=17 scene=30022 success=True xy_error=1.53mm
D train_seed=17 scene=30023 success=True xy_error=6.71mm
D train_seed=17 scene=30024 success=True xy_error=3.50mm
D train_seed=17 scene=30025 success=True xy_error=4.11mm
D train_seed=17 scene=30026 success=True xy_error=1.85mm
D train_seed=17 scene=30027 success=True xy_error=3.23mm
D train_seed=17 scene=30028 success=True xy_error=4.79mm
D train_seed=17 scene=30029 success=True xy_error=1.61mm
D train_seed=17 scene=30030 success=True xy_error=2.73mm
D train_seed=17 scene=30031 success=True xy_error=13.34mm
D train_seed=17 scene=30032 success=True xy_error=0.22mm
D train_seed=17 scene=30033 success=True xy_error=3.24mm
D train_seed=17 scene=30034 success=True xy_error=2.61mm
D train_seed=17 scene=30035 success=True xy_error=2.41mm
D train_seed=17 scene=30036 success=True xy_error=0.99mm
D train_seed=17 scene=30037 success=True xy_error=2.86mm
D train_seed=17 scene=30038 success=False xy_error=22.86mm
D train_seed=17 scene=30039 success=True xy_error=3.12mm
D train_seed=17 scene=30040 success=True xy_error=5.07mm
D train_seed=17 scene=30041 success=True xy_error=2.94mm
D train_seed=17 scene=30042 success=True xy_error=2.89mm
D train_seed=17 scene=30043 success=True xy_error=0.75mm
D train_seed=17 scene=30044 success=True xy_error=13.72mm
D train_seed=17 scene=30045 success=True xy_error=0.94mm
D train_seed=17 scene=30046 success=True xy_error=1.86mm
D train_seed=17 scene=30047 success=True xy_error=4.09mm
D train_seed=17 scene=30048 success=True xy_error=9.48mm
D train_seed=17 scene=30049 success=True xy_error=1.72mm
D train_seed=17 scene=30050 success=True xy_error=4.44mm
D train_seed=17 scene=30051 success=True xy_error=2.99mm
D train_seed=17 scene=30052 success=True xy_error=5.45mm
D train_seed=17 scene=30053 success=True xy_error=3.64mm
D train_seed=17 scene=30054 success=False xy_error=14.02mm
D train_seed=17 scene=30055 success=True xy_error=1.99mm
D train_seed=17 scene=30056 success=False xy_error=20.74mm
D train_seed=17 scene=30057 success=True xy_error=7.71mm
D train_seed=17 scene=30058 success=True xy_error=1.54mm
D train_seed=17 scene=30059 success=True xy_error=9.07mm
D train_seed=17 scene=30060 success=True xy_error=1.80mm
D train_seed=17 scene=30061 success=True xy_error=1.87mm
D train_seed=17 scene=30062 success=True xy_error=4.13mm
D train_seed=17 scene=30063 success=True xy_error=0.75mm
R train_seed=17 scene=30000 success=True xy_error=1.12mm
R train_seed=17 scene=30001 success=True xy_error=0.44mm
R train_seed=17 scene=30002 success=True xy_error=6.20mm
R train_seed=17 scene=30003 success=True xy_error=13.09mm
R train_seed=17 scene=30004 success=True xy_error=1.25mm
R train_seed=17 scene=30005 success=True xy_error=4.99mm
R train_seed=17 scene=30006 success=True xy_error=2.99mm
R train_seed=17 scene=30007 success=True xy_error=5.46mm
R train_seed=17 scene=30008 success=True xy_error=11.36mm
R train_seed=17 scene=30009 success=True xy_error=4.42mm
R train_seed=17 scene=30010 success=True xy_error=2.35mm
R train_seed=17 scene=30011 success=True xy_error=7.66mm
R train_seed=17 scene=30012 success=True xy_error=6.09mm
R train_seed=17 scene=30013 success=True xy_error=2.36mm
R train_seed=17 scene=30014 success=False xy_error=14.86mm
R train_seed=17 scene=30015 success=True xy_error=0.57mm
R train_seed=17 scene=30016 success=True xy_error=5.32mm
R train_seed=17 scene=30017 success=True xy_error=2.43mm
R train_seed=17 scene=30018 success=True xy_error=6.02mm
R train_seed=17 scene=30019 success=True xy_error=5.86mm
R train_seed=17 scene=30020 success=True xy_error=3.90mm
R train_seed=17 scene=30021 success=True xy_error=2.26mm
R train_seed=17 scene=30022 success=True xy_error=3.76mm
R train_seed=17 scene=30023 success=True xy_error=9.16mm
R train_seed=17 scene=30024 success=True xy_error=2.41mm
R train_seed=17 scene=30025 success=True xy_error=4.14mm
R train_seed=17 scene=30026 success=True xy_error=3.10mm
R train_seed=17 scene=30027 success=True xy_error=5.54mm
R train_seed=17 scene=30028 success=True xy_error=1.97mm
R train_seed=17 scene=30029 success=True xy_error=2.65mm
R train_seed=17 scene=30030 success=True xy_error=2.14mm
R train_seed=17 scene=30031 success=True xy_error=13.47mm
R train_seed=17 scene=30032 success=True xy_error=0.79mm
R train_seed=17 scene=30033 success=True xy_error=4.12mm
R train_seed=17 scene=30034 success=True xy_error=2.41mm
R train_seed=17 scene=30035 success=True xy_error=3.76mm
R train_seed=17 scene=30036 success=True xy_error=2.73mm
R train_seed=17 scene=30037 success=True xy_error=4.84mm
R train_seed=17 scene=30038 success=False xy_error=26.28mm
R train_seed=17 scene=30039 success=True xy_error=4.02mm
R train_seed=17 scene=30040 success=True xy_error=2.65mm
R train_seed=17 scene=30041 success=True xy_error=3.62mm
R train_seed=17 scene=30042 success=True xy_error=2.81mm
R train_seed=17 scene=30043 success=True xy_error=3.86mm
R train_seed=17 scene=30044 success=True xy_error=14.17mm
R train_seed=17 scene=30045 success=True xy_error=2.08mm
R train_seed=17 scene=30046 success=True xy_error=4.99mm
R train_seed=17 scene=30047 success=True xy_error=3.08mm
R train_seed=17 scene=30048 success=True xy_error=10.78mm
R train_seed=17 scene=30049 success=True xy_error=2.28mm
R train_seed=17 scene=30050 success=True xy_error=5.11mm
R train_seed=17 scene=30051 success=True xy_error=3.28mm
R train_seed=17 scene=30052 success=True xy_error=6.65mm
R train_seed=17 scene=30053 success=True xy_error=5.19mm
R train_seed=17 scene=30054 success=True xy_error=13.54mm
R train_seed=17 scene=30055 success=True xy_error=2.84mm
R train_seed=17 scene=30056 success=False xy_error=22.45mm
R train_seed=17 scene=30057 success=True xy_error=3.57mm
R train_seed=17 scene=30058 success=True xy_error=1.78mm
R train_seed=17 scene=30059 success=True xy_error=8.26mm
R train_seed=17 scene=30060 success=True xy_error=2.79mm
R train_seed=17 scene=30061 success=True xy_error=1.78mm
R train_seed=17 scene=30062 success=True xy_error=5.55mm
R train_seed=17 scene=30063 success=True xy_error=3.40mm
[{"group": "A", "training_seed": 17, "scene_seeds": [30000, 30001, 30002, 30003, 30004, 30005, 30006, 30007, 30008, 30009, 30010, 30011, 30012, 30013, 30014, 30015, 30016, 30017, 30018, 30019, 30020, 30021, 30022, 30023, 30024, 30025, 30026, 30027, 30028, 30029, 30030, 30031, 30032, 30033, 30034, 30035, 30036, 30037, 30038, 30039, 30040, 30041, 30042, 30043, 30044, 30045, 30046, 30047, 30048, 30049, 30050, 30051, 30052, 30053, 30054, 30055, 30056, 30057, 30058, 30059, 30060, 30061, 30062, 30063], "checkpoint_sha256": "8b3677d1c7672759d6e4ffb83f4a1d6bda138d710d5608619a1520803afbbd3a", "sim_config_sha256": "fa30186703956bf40afbf42df3b8c2a29f4263419316b911a04c158e5cc1c9fa", "sim_code_sha256": "103d93e2d444ec6fae7db2ef27e65ca80118a17ac02e162192adbd13e76f5a1a", "n": 64, "successes": 62, "success_rate": 0.96875, "xy_mean_error_mm": 4.350272790378042, "xy_median_error_mm": 2.809327439353125, "xy_p90_error_mm": 10.28181063063932, "scope": "exploratory pilot-trained visual grasp evaluation; not final multi-session real-data evidence", "demo_is_first_scene_not_best_scene": true}, {"group": "B", "training_seed": 17, "scene_seeds": [30000, 30001, 30002, 30003, 30004, 30005, 30006, 30007, 30008, 30009, 30010, 30011, 30012, 30013, 30014, 30015, 30016, 30017, 30018, 30019, 30020, 30021, 30022, 30023, 30024, 30025, 30026, 30027, 30028, 30029, 30030, 30031, 30032, 30033, 30034, 30035, 30036, 30037, 30038, 30039, 30040, 30041, 30042, 30043, 30044, 30045, 30046, 30047, 30048, 30049, 30050, 30051, 30052, 30053, 30054, 30055, 30056, 30057, 30058, 30059, 30060, 30061, 30062, 30063], "checkpoint_sha256": "f9877370062a336ee673739289165d13adfb42de5a609546f06fa82a54b39367", "sim_config_sha256": "fa30186703956bf40afbf42df3b8c2a29f4263419316b911a04c158e5cc1c9fa", "sim_code_sha256": "103d93e2d444ec6fae7db2ef27e65ca80118a17ac02e162192adbd13e76f5a1a", "n": 64, "successes": 60, "success_rate": 0.9375, "xy_mean_error_mm": 5.156009690672517, "xy_median_error_mm": 3.069402221875052, "xy_p90_error_mm": 12.192817951305457, "scope": "exploratory pilot-trained visual grasp evaluation; not final multi-session real-data evidence", "demo_is_first_scene_not_best_scene": true}, {"group": "C", "training_seed": 17, "scene_seeds": [30000, 30001, 30002, 30003, 30004, 30005, 30006, 30007, 30008, 30009, 30010, 30011, 30012, 30013, 30014, 30015, 30016, 30017, 30018, 30019, 30020, 30021, 30022, 30023, 30024, 30025, 30026, 30027, 30028, 30029, 30030, 30031, 30032, 30033, 30034, 30035, 30036, 30037, 30038, 30039, 30040, 30041, 30042, 30043, 30044, 30045, 30046, 30047, 30048, 30049, 30050, 30051, 30052, 30053, 30054, 30055, 30056, 30057, 30058, 30059, 30060, 30061, 30062, 30063], "checkpoint_sha256": "72bd9b6416f5f9286a8728e1987470a8c2dab543aa7e8a7b7d5f02bf18be6429", "sim_config_sha256": "fa30186703956bf40afbf42df3b8c2a29f4263419316b911a04c158e5cc1c9fa", "sim_code_sha256": "103d93e2d444ec6fae7db2ef27e65ca80118a17ac02e162192adbd13e76f5a1a", "n": 64, "successes": 62, "success_rate": 0.96875, "xy_mean_error_mm": 3.895548285716301, "xy_median_error_mm": 2.496009070965159, "xy_p90_error_mm": 9.821264127635738, "scope": "exploratory pilot-trained visual grasp evaluation; not final multi-session real-data evidence", "demo_is_first_scene_not_best_scene": true}, {"group": "D", "training_seed": 17, "scene_seeds": [30000, 30001, 30002, 30003, 30004, 30005, 30006, 30007, 30008, 30009, 30010, 30011, 30012, 30013, 30014, 30015, 30016, 30017, 30018, 30019, 30020, 30021, 30022, 30023, 30024, 30025, 30026, 30027, 30028, 30029, 30030, 30031, 30032, 30033, 30034, 30035, 30036, 30037, 30038, 30039, 30040, 30041, 30042, 30043, 30044, 30045, 30046, 30047, 30048, 30049, 30050, 30051, 30052, 30053, 30054, 30055, 30056, 30057, 30058, 30059, 30060, 30061, 30062, 30063], "checkpoint_sha256": "ce414d08399a61bc6608844b8800400635ee180c3ad1234a74049e57665ae8bd", "sim_config_sha256": "fa30186703956bf40afbf42df3b8c2a29f4263419316b911a04c158e5cc1c9fa", "sim_code_sha256": "103d93e2d444ec6fae7db2ef27e65ca80118a17ac02e162192adbd13e76f5a1a", "n": 64, "successes": 61, "success_rate": 0.953125, "xy_mean_error_mm": 4.907128237342436, "xy_median_error_mm": 3.2169694237734907, "xy_p90_error_mm": 12.480338930762592, "scope": "exploratory pilot-trained visual grasp evaluation; not final multi-session real-data evidence", "demo_is_first_scene_not_best_scene": true}, {"group": "R", "training_seed": 17, "scene_seeds": [30000, 30001, 30002, 30003, 30004, 30005, 30006, 30007, 30008, 30009, 30010, 30011, 30012, 30013, 30014, 30015, 30016, 30017, 30018, 30019, 30020, 30021, 30022, 30023, 30024, 30025, 30026, 30027, 30028, 30029, 30030, 30031, 30032, 30033, 30034, 30035, 30036, 30037, 30038, 30039, 30040, 30041, 30042, 30043, 30044, 30045, 30046, 30047, 30048, 30049, 30050, 30051, 30052, 30053, 30054, 30055, 30056, 30057, 30058, 30059, 30060, 30061, 30062, 30063], "checkpoint_sha256": "c30e2295f9a96a73d3c6c20e9b3f2d8a922ea790c394de4dbbec8331e68b07a4", "sim_config_sha256": "fa30186703956bf40afbf42df3b8c2a29f4263419316b911a04c158e5cc1c9fa", "sim_code_sha256": "103d93e2d444ec6fae7db2ef27e65ca80118a17ac02e162192adbd13e76f5a1a", "n": 64, "successes": 61, "success_rate": 0.953125, "xy_mean_error_mm": 5.387442418441221, "xy_median_error_mm": 3.812160605383402, "xy_p90_error_mm": 12.574551043109713, "scope": "exploratory pilot-trained visual grasp evaluation; not final multi-session real-data evidence", "demo_is_first_scene_not_best_scene": true}]
