pybullet build time: Oct 21 2025 11:46:21
argv[0]=--background_color_red=0.9607843160629272
argv[1]=--background_color_green=0.9607843160629272
argv[2]=--background_color_blue=0.9607843160629272
A train_seed=7 scene=30000 success=True xy_error=4.38mm
A train_seed=7 scene=30001 success=True xy_error=2.17mm
A train_seed=7 scene=30002 success=True xy_error=7.79mm
A train_seed=7 scene=30003 success=True xy_error=11.81mm
A train_seed=7 scene=30004 success=True xy_error=1.44mm
A train_seed=7 scene=30005 success=True xy_error=5.90mm
A train_seed=7 scene=30006 success=True xy_error=1.79mm
A train_seed=7 scene=30007 success=True xy_error=5.59mm
A train_seed=7 scene=30008 success=True xy_error=11.64mm
A train_seed=7 scene=30009 success=True xy_error=2.66mm
A train_seed=7 scene=30010 success=True xy_error=3.32mm
A train_seed=7 scene=30011 success=True xy_error=2.35mm
A train_seed=7 scene=30012 success=True xy_error=3.32mm
A train_seed=7 scene=30013 success=True xy_error=1.17mm
A train_seed=7 scene=30014 success=False xy_error=14.11mm
A train_seed=7 scene=30015 success=True xy_error=1.30mm
A train_seed=7 scene=30016 success=True xy_error=5.28mm
A train_seed=7 scene=30017 success=True xy_error=1.26mm
A train_seed=7 scene=30018 success=True xy_error=5.34mm
A train_seed=7 scene=30019 success=True xy_error=5.03mm
A train_seed=7 scene=30020 success=True xy_error=3.04mm
A train_seed=7 scene=30021 success=True xy_error=2.14mm
A train_seed=7 scene=30022 success=True xy_error=2.51mm
A train_seed=7 scene=30023 success=True xy_error=8.04mm
A train_seed=7 scene=30024 success=True xy_error=3.97mm
A train_seed=7 scene=30025 success=True xy_error=2.44mm
A train_seed=7 scene=30026 success=True xy_error=2.30mm
A train_seed=7 scene=30027 success=True xy_error=4.05mm
A train_seed=7 scene=30028 success=True xy_error=1.05mm
A train_seed=7 scene=30029 success=True xy_error=1.79mm
A train_seed=7 scene=30030 success=True xy_error=2.60mm
A train_seed=7 scene=30031 success=True xy_error=12.87mm
A train_seed=7 scene=30032 success=True xy_error=0.80mm
A train_seed=7 scene=30033 success=True xy_error=4.68mm
A train_seed=7 scene=30034 success=True xy_error=3.02mm
A train_seed=7 scene=30035 success=True xy_error=2.26mm
A train_seed=7 scene=30036 success=True xy_error=1.86mm
A train_seed=7 scene=30037 success=True xy_error=5.48mm
A train_seed=7 scene=30038 success=False xy_error=23.34mm
A train_seed=7 scene=30039 success=True xy_error=4.29mm
A train_seed=7 scene=30040 success=True xy_error=1.58mm
A train_seed=7 scene=30041 success=True xy_error=5.78mm
A train_seed=7 scene=30042 success=True xy_error=2.55mm
A train_seed=7 scene=30043 success=True xy_error=0.92mm
A train_seed=7 scene=30044 success=True xy_error=13.92mm
A train_seed=7 scene=30045 success=True xy_error=4.38mm
A train_seed=7 scene=30046 success=True xy_error=2.97mm
A train_seed=7 scene=30047 success=True xy_error=1.65mm
A train_seed=7 scene=30048 success=True xy_error=9.69mm
A train_seed=7 scene=30049 success=True xy_error=2.50mm
A train_seed=7 scene=30050 success=True xy_error=5.80mm
A train_seed=7 scene=30051 success=True xy_error=3.14mm
A train_seed=7 scene=30052 success=True xy_error=3.95mm
A train_seed=7 scene=30053 success=True xy_error=4.88mm
A train_seed=7 scene=30054 success=True xy_error=12.13mm
A train_seed=7 scene=30055 success=True xy_error=3.60mm
A train_seed=7 scene=30056 success=False xy_error=21.48mm
A train_seed=7 scene=30057 success=True xy_error=5.76mm
A train_seed=7 scene=30058 success=True xy_error=2.37mm
A train_seed=7 scene=30059 success=True xy_error=11.81mm
A train_seed=7 scene=30060 success=True xy_error=3.05mm
A train_seed=7 scene=30061 success=True xy_error=1.10mm
A train_seed=7 scene=30062 success=True xy_error=5.57mm
A train_seed=7 scene=30063 success=True xy_error=2.33mm
B train_seed=7 scene=30000 success=True xy_error=2.20mm
B train_seed=7 scene=30001 success=True xy_error=1.87mm
B train_seed=7 scene=30002 success=True xy_error=5.45mm
B train_seed=7 scene=30003 success=True xy_error=12.65mm
B train_seed=7 scene=30004 success=True xy_error=1.58mm
B train_seed=7 scene=30005 success=True xy_error=2.33mm
B train_seed=7 scene=30006 success=True xy_error=0.82mm
B train_seed=7 scene=30007 success=True xy_error=6.01mm
B train_seed=7 scene=30008 success=True xy_error=12.21mm
B train_seed=7 scene=30009 success=True xy_error=3.21mm
B train_seed=7 scene=30010 success=True xy_error=0.98mm
B train_seed=7 scene=30011 success=True xy_error=2.36mm
B train_seed=7 scene=30012 success=True xy_error=3.83mm
B train_seed=7 scene=30013 success=True xy_error=1.46mm
B train_seed=7 scene=30014 success=True xy_error=15.04mm
B train_seed=7 scene=30015 success=True xy_error=0.71mm
B train_seed=7 scene=30016 success=True xy_error=4.67mm
B train_seed=7 scene=30017 success=True xy_error=1.56mm
B train_seed=7 scene=30018 success=True xy_error=4.86mm
B train_seed=7 scene=30019 success=True xy_error=4.63mm
B train_seed=7 scene=30020 success=True xy_error=1.92mm
B train_seed=7 scene=30021 success=True xy_error=2.43mm
B train_seed=7 scene=30022 success=True xy_error=2.10mm
B train_seed=7 scene=30023 success=True xy_error=7.38mm
B train_seed=7 scene=30024 success=True xy_error=2.00mm
B train_seed=7 scene=30025 success=True xy_error=2.85mm
B train_seed=7 scene=30026 success=True xy_error=0.71mm
B train_seed=7 scene=30027 success=True xy_error=4.50mm
B train_seed=7 scene=30028 success=True xy_error=1.58mm
B train_seed=7 scene=30029 success=True xy_error=3.10mm
B train_seed=7 scene=30030 success=True xy_error=1.54mm
B train_seed=7 scene=30031 success=True xy_error=12.85mm
B train_seed=7 scene=30032 success=True xy_error=0.68mm
B train_seed=7 scene=30033 success=True xy_error=4.51mm
B train_seed=7 scene=30034 success=True xy_error=5.07mm
B train_seed=7 scene=30035 success=True xy_error=2.69mm
B train_seed=7 scene=30036 success=True xy_error=2.79mm
B train_seed=7 scene=30037 success=True xy_error=4.12mm
B train_seed=7 scene=30038 success=False xy_error=24.62mm
B train_seed=7 scene=30039 success=True xy_error=5.21mm
B train_seed=7 scene=30040 success=True xy_error=1.64mm
B train_seed=7 scene=30041 success=True xy_error=6.10mm
B train_seed=7 scene=30042 success=True xy_error=4.84mm
B train_seed=7 scene=30043 success=True xy_error=0.74mm
B train_seed=7 scene=30044 success=True xy_error=14.81mm
B train_seed=7 scene=30045 success=True xy_error=2.68mm
B train_seed=7 scene=30046 success=True xy_error=2.02mm
B train_seed=7 scene=30047 success=True xy_error=1.81mm
B train_seed=7 scene=30048 success=True xy_error=10.71mm
B train_seed=7 scene=30049 success=True xy_error=2.60mm
B train_seed=7 scene=30050 success=True xy_error=4.87mm
B train_seed=7 scene=30051 success=True xy_error=1.56mm
B train_seed=7 scene=30052 success=True xy_error=4.70mm
B train_seed=7 scene=30053 success=True xy_error=5.74mm
B train_seed=7 scene=30054 success=True xy_error=13.66mm
B train_seed=7 scene=30055 success=True xy_error=1.32mm
B train_seed=7 scene=30056 success=False xy_error=22.08mm
B train_seed=7 scene=30057 success=True xy_error=9.79mm
B train_seed=7 scene=30058 success=True xy_error=2.01mm
B train_seed=7 scene=30059 success=True xy_error=13.81mm
B train_seed=7 scene=30060 success=True xy_error=2.03mm
B train_seed=7 scene=30061 success=True xy_error=1.82mm
B train_seed=7 scene=30062 success=True xy_error=9.68mm
B train_seed=7 scene=30063 success=True xy_error=2.14mm
C train_seed=7 scene=30000 success=True xy_error=2.71mm
C train_seed=7 scene=30001 success=True xy_error=3.36mm
C train_seed=7 scene=30002 success=True xy_error=7.47mm
C train_seed=7 scene=30003 success=True xy_error=13.42mm
C train_seed=7 scene=30004 success=True xy_error=2.18mm
C train_seed=7 scene=30005 success=True xy_error=5.37mm
C train_seed=7 scene=30006 success=True xy_error=0.57mm
C train_seed=7 scene=30007 success=True xy_error=5.45mm
C train_seed=7 scene=30008 success=True xy_error=11.81mm
C train_seed=7 scene=30009 success=True xy_error=3.06mm
C train_seed=7 scene=30010 success=True xy_error=1.29mm
C train_seed=7 scene=30011 success=True xy_error=3.72mm
C train_seed=7 scene=30012 success=True xy_error=2.75mm
C train_seed=7 scene=30013 success=True xy_error=1.55mm
C train_seed=7 scene=30014 success=False xy_error=14.24mm
C train_seed=7 scene=30015 success=True xy_error=1.65mm
C train_seed=7 scene=30016 success=True xy_error=4.44mm
C train_seed=7 scene=30017 success=True xy_error=1.26mm
C train_seed=7 scene=30018 success=True xy_error=5.15mm
C train_seed=7 scene=30019 success=True xy_error=4.69mm
C train_seed=7 scene=30020 success=True xy_error=1.91mm
C train_seed=7 scene=30021 success=True xy_error=2.63mm
C train_seed=7 scene=30022 success=True xy_error=1.86mm
C train_seed=7 scene=30023 success=True xy_error=7.71mm
C train_seed=7 scene=30024 success=True xy_error=1.66mm
C train_seed=7 scene=30025 success=True xy_error=3.51mm
C train_seed=7 scene=30026 success=True xy_error=2.66mm
C train_seed=7 scene=30027 success=True xy_error=4.84mm
C train_seed=7 scene=30028 success=True xy_error=1.84mm
C train_seed=7 scene=30029 success=True xy_error=1.96mm
C train_seed=7 scene=30030 success=True xy_error=2.43mm
C train_seed=7 scene=30031 success=True xy_error=12.99mm
C train_seed=7 scene=30032 success=True xy_error=0.55mm
C train_seed=7 scene=30033 success=True xy_error=4.00mm
C train_seed=7 scene=30034 success=True xy_error=4.17mm
C train_seed=7 scene=30035 success=True xy_error=2.67mm
C train_seed=7 scene=30036 success=True xy_error=1.73mm
C train_seed=7 scene=30037 success=True xy_error=3.60mm
C train_seed=7 scene=30038 success=False xy_error=21.91mm
C train_seed=7 scene=30039 success=True xy_error=5.78mm
C train_seed=7 scene=30040 success=True xy_error=1.73mm
C train_seed=7 scene=30041 success=True xy_error=6.68mm
C train_seed=7 scene=30042 success=True xy_error=2.90mm
C train_seed=7 scene=30043 success=True xy_error=1.30mm
C train_seed=7 scene=30044 success=True xy_error=14.46mm
C train_seed=7 scene=30045 success=True xy_error=5.37mm
C train_seed=7 scene=30046 success=True xy_error=1.58mm
C train_seed=7 scene=30047 success=True xy_error=2.34mm
C train_seed=7 scene=30048 success=True xy_error=11.05mm
C train_seed=7 scene=30049 success=True xy_error=2.34mm
C train_seed=7 scene=30050 success=True xy_error=5.88mm
C train_seed=7 scene=30051 success=True xy_error=2.41mm
C train_seed=7 scene=30052 success=True xy_error=5.19mm
C train_seed=7 scene=30053 success=True xy_error=5.27mm
C train_seed=7 scene=30054 success=True xy_error=13.51mm
C train_seed=7 scene=30055 success=True xy_error=2.91mm
C train_seed=7 scene=30056 success=False xy_error=21.81mm
C train_seed=7 scene=30057 success=True xy_error=7.84mm
C train_seed=7 scene=30058 success=True xy_error=1.25mm
C train_seed=7 scene=30059 success=True xy_error=14.93mm
C train_seed=7 scene=30060 success=True xy_error=1.42mm
C train_seed=7 scene=30061 success=True xy_error=1.40mm
C train_seed=7 scene=30062 success=True xy_error=6.83mm
C train_seed=7 scene=30063 success=True xy_error=0.89mm
D train_seed=7 scene=30000 success=True xy_error=4.85mm
D train_seed=7 scene=30001 success=True xy_error=1.55mm
D train_seed=7 scene=30002 success=True xy_error=5.47mm
D train_seed=7 scene=30003 success=True xy_error=12.52mm
D train_seed=7 scene=30004 success=True xy_error=1.67mm
D train_seed=7 scene=30005 success=True xy_error=3.30mm
D train_seed=7 scene=30006 success=True xy_error=2.54mm
D train_seed=7 scene=30007 success=True xy_error=7.41mm
D train_seed=7 scene=30008 success=True xy_error=12.35mm
D train_seed=7 scene=30009 success=True xy_error=2.60mm
D train_seed=7 scene=30010 success=True xy_error=1.52mm
D train_seed=7 scene=30011 success=True xy_error=3.05mm
D train_seed=7 scene=30012 success=True xy_error=3.31mm
D train_seed=7 scene=30013 success=True xy_error=0.83mm
D train_seed=7 scene=30014 success=False xy_error=15.56mm
D train_seed=7 scene=30015 success=True xy_error=0.95mm
D train_seed=7 scene=30016 success=True xy_error=4.62mm
D train_seed=7 scene=30017 success=True xy_error=0.57mm
D train_seed=7 scene=30018 success=True xy_error=6.35mm
D train_seed=7 scene=30019 success=True xy_error=4.67mm
D train_seed=7 scene=30020 success=True xy_error=3.20mm
D train_seed=7 scene=30021 success=True xy_error=2.73mm
D train_seed=7 scene=30022 success=True xy_error=1.76mm
D train_seed=7 scene=30023 success=True xy_error=10.66mm
D train_seed=7 scene=30024 success=True xy_error=2.43mm
D train_seed=7 scene=30025 success=True xy_error=2.71mm
D train_seed=7 scene=30026 success=True xy_error=1.67mm
D train_seed=7 scene=30027 success=True xy_error=2.81mm
D train_seed=7 scene=30028 success=True xy_error=1.95mm
D train_seed=7 scene=30029 success=True xy_error=2.78mm
D train_seed=7 scene=30030 success=True xy_error=2.18mm
D train_seed=7 scene=30031 success=True xy_error=14.93mm
D train_seed=7 scene=30032 success=True xy_error=1.06mm
D train_seed=7 scene=30033 success=True xy_error=4.18mm
D train_seed=7 scene=30034 success=True xy_error=3.73mm
D train_seed=7 scene=30035 success=True xy_error=2.91mm
D train_seed=7 scene=30036 success=True xy_error=2.91mm
D train_seed=7 scene=30037 success=True xy_error=4.48mm
D train_seed=7 scene=30038 success=False xy_error=23.80mm
D train_seed=7 scene=30039 success=True xy_error=6.11mm
D train_seed=7 scene=30040 success=True xy_error=2.02mm
D train_seed=7 scene=30041 success=True xy_error=7.37mm
D train_seed=7 scene=30042 success=True xy_error=3.80mm
D train_seed=7 scene=30043 success=True xy_error=0.79mm
D train_seed=7 scene=30044 success=True xy_error=16.74mm
D train_seed=7 scene=30045 success=True xy_error=3.14mm
D train_seed=7 scene=30046 success=True xy_error=0.79mm
D train_seed=7 scene=30047 success=True xy_error=2.08mm
D train_seed=7 scene=30048 success=True xy_error=11.88mm
D train_seed=7 scene=30049 success=True xy_error=2.99mm
D train_seed=7 scene=30050 success=True xy_error=5.15mm
D train_seed=7 scene=30051 success=True xy_error=2.49mm
D train_seed=7 scene=30052 success=True xy_error=4.69mm
D train_seed=7 scene=30053 success=True xy_error=5.58mm
D train_seed=7 scene=30054 success=True xy_error=12.09mm
D train_seed=7 scene=30055 success=True xy_error=2.70mm
D train_seed=7 scene=30056 success=False xy_error=22.57mm
D train_seed=7 scene=30057 success=True xy_error=7.42mm
D train_seed=7 scene=30058 success=True xy_error=0.98mm
D train_seed=7 scene=30059 success=True xy_error=11.32mm
D train_seed=7 scene=30060 success=True xy_error=2.47mm
D train_seed=7 scene=30061 success=True xy_error=1.23mm
D train_seed=7 scene=30062 success=True xy_error=9.23mm
D train_seed=7 scene=30063 success=True xy_error=1.62mm
R train_seed=7 scene=30000 success=True xy_error=5.92mm
R train_seed=7 scene=30001 success=True xy_error=2.16mm
R train_seed=7 scene=30002 success=True xy_error=6.29mm
R train_seed=7 scene=30003 success=True xy_error=12.20mm
R train_seed=7 scene=30004 success=True xy_error=1.89mm
R train_seed=7 scene=30005 success=True xy_error=7.36mm
R train_seed=7 scene=30006 success=True xy_error=2.72mm
R train_seed=7 scene=30007 success=True xy_error=5.57mm
R train_seed=7 scene=30008 success=True xy_error=13.07mm
R train_seed=7 scene=30009 success=True xy_error=4.50mm
R train_seed=7 scene=30010 success=True xy_error=3.51mm
R train_seed=7 scene=30011 success=True xy_error=2.52mm
R train_seed=7 scene=30012 success=True xy_error=5.94mm
R train_seed=7 scene=30013 success=True xy_error=2.09mm
R train_seed=7 scene=30014 success=True xy_error=13.38mm
R train_seed=7 scene=30015 success=True xy_error=1.05mm
R train_seed=7 scene=30016 success=True xy_error=5.00mm
R train_seed=7 scene=30017 success=True xy_error=2.55mm
R train_seed=7 scene=30018 success=True xy_error=8.96mm
R train_seed=7 scene=30019 success=True xy_error=5.95mm
R train_seed=7 scene=30020 success=True xy_error=7.38mm
R train_seed=7 scene=30021 success=True xy_error=3.23mm
R train_seed=7 scene=30022 success=True xy_error=2.65mm
R train_seed=7 scene=30023 success=True xy_error=11.94mm
R train_seed=7 scene=30024 success=True xy_error=1.43mm
R train_seed=7 scene=30025 success=True xy_error=3.02mm
R train_seed=7 scene=30026 success=True xy_error=2.37mm
R train_seed=7 scene=30027 success=True xy_error=2.93mm
R train_seed=7 scene=30028 success=True xy_error=3.03mm
R train_seed=7 scene=30029 success=True xy_error=4.60mm
R train_seed=7 scene=30030 success=True xy_error=2.41mm
R train_seed=7 scene=30031 success=True xy_error=15.14mm
R train_seed=7 scene=30032 success=True xy_error=0.86mm
R train_seed=7 scene=30033 success=True xy_error=5.52mm
R train_seed=7 scene=30034 success=True xy_error=5.58mm
R train_seed=7 scene=30035 success=True xy_error=5.21mm
R train_seed=7 scene=30036 success=True xy_error=3.56mm
R train_seed=7 scene=30037 success=True xy_error=5.55mm
R train_seed=7 scene=30038 success=False xy_error=26.30mm
R train_seed=7 scene=30039 success=True xy_error=3.91mm
R train_seed=7 scene=30040 success=True xy_error=2.55mm
R train_seed=7 scene=30041 success=True xy_error=6.51mm
R train_seed=7 scene=30042 success=True xy_error=7.66mm
R train_seed=7 scene=30043 success=True xy_error=0.30mm
R train_seed=7 scene=30044 success=True xy_error=14.47mm
R train_seed=7 scene=30045 success=True xy_error=2.86mm
R train_seed=7 scene=30046 success=True xy_error=4.55mm
R train_seed=7 scene=30047 success=True xy_error=2.97mm
R train_seed=7 scene=30048 success=True xy_error=12.17mm
R train_seed=7 scene=30049 success=True xy_error=2.40mm
R train_seed=7 scene=30050 success=True xy_error=5.74mm
R train_seed=7 scene=30051 success=True xy_error=1.68mm
R train_seed=7 scene=30052 success=True xy_error=6.48mm
R train_seed=7 scene=30053 success=True xy_error=8.60mm
R train_seed=7 scene=30054 success=False xy_error=13.77mm
R train_seed=7 scene=30055 success=True xy_error=2.33mm
R train_seed=7 scene=30056 success=False xy_error=23.82mm
R train_seed=7 scene=30057 success=True xy_error=5.81mm
R train_seed=7 scene=30058 success=True xy_error=2.68mm
R train_seed=7 scene=30059 success=True xy_error=10.64mm
R train_seed=7 scene=30060 success=True xy_error=2.01mm
R train_seed=7 scene=30061 success=True xy_error=2.58mm
R train_seed=7 scene=30062 success=True xy_error=8.37mm
R train_seed=7 scene=30063 success=True xy_error=2.41mm
[{"group": "A", "training_seed": 7, "scene_seeds": [30000, 30001, 30002, 30003, 30004, 30005, 30006, 30007, 30008, 30009, 30010, 30011, 30012, 30013, 30014, 30015, 30016, 30017, 30018, 30019, 30020, 30021, 30022, 30023, 30024, 30025, 30026, 30027, 30028, 30029, 30030, 30031, 30032, 30033, 30034, 30035, 30036, 30037, 30038, 30039, 30040, 30041, 30042, 30043, 30044, 30045, 30046, 30047, 30048, 30049, 30050, 30051, 30052, 30053, 30054, 30055, 30056, 30057, 30058, 30059, 30060, 30061, 30062, 30063], "checkpoint_sha256": "803d19b06a44dea58d71e3775076671674defcb3b3ccbef20203f0413a4d32de", "sim_config_sha256": "fa30186703956bf40afbf42df3b8c2a29f4263419316b911a04c158e5cc1c9fa", "sim_code_sha256": "103d93e2d444ec6fae7db2ef27e65ca80118a17ac02e162192adbd13e76f5a1a", "n": 64, "successes": 61, "success_rate": 0.953125, "xy_mean_error_mm": 5.048301528205588, "xy_median_error_mm": 3.3212122271543167, "xy_p90_error_mm": 11.812678132631698, "scope": "exploratory pilot-trained visual grasp evaluation; not final multi-session real-data evidence", "demo_is_first_scene_not_best_scene": true}, {"group": "B", "training_seed": 7, "scene_seeds": [30000, 30001, 30002, 30003, 30004, 30005, 30006, 30007, 30008, 30009, 30010, 30011, 30012, 30013, 30014, 30015, 30016, 30017, 30018, 30019, 30020, 30021, 30022, 30023, 30024, 30025, 30026, 30027, 30028, 30029, 30030, 30031, 30032, 30033, 30034, 30035, 30036, 30037, 30038, 30039, 30040, 30041, 30042, 30043, 30044, 30045, 30046, 30047, 30048, 30049, 30050, 30051, 30052, 30053, 30054, 30055, 30056, 30057, 30058, 30059, 30060, 30061, 30062, 30063], "checkpoint_sha256": "8e460cd7d77d21cdaa70c8e55b0aa2cca57e3e309e31206ae5cd6e26c753c22c", "sim_config_sha256": "fa30186703956bf40afbf42df3b8c2a29f4263419316b911a04c158e5cc1c9fa", "sim_code_sha256": "103d93e2d444ec6fae7db2ef27e65ca80118a17ac02e162192adbd13e76f5a1a", "n": 64, "successes": 62, "success_rate": 0.96875, "xy_mean_error_mm": 5.066487083555397, "xy_median_error_mm": 2.8213334148815603, "xy_p90_error_mm": 12.787940863104659, "scope": "exploratory pilot-trained visual grasp evaluation; not final multi-session real-data evidence", "demo_is_first_scene_not_best_scene": true}, {"group": "C", "training_seed": 7, "scene_seeds": [30000, 30001, 30002, 30003, 30004, 30005, 30006, 30007, 30008, 30009, 30010, 30011, 30012, 30013, 30014, 30015, 30016, 30017, 30018, 30019, 30020, 30021, 30022, 30023, 30024, 30025, 30026, 30027, 30028, 30029, 30030, 30031, 30032, 30033, 30034, 30035, 30036, 30037, 30038, 30039, 30040, 30041, 30042, 30043, 30044, 30045, 30046, 30047, 30048, 30049, 30050, 30051, 30052, 30053, 30054, 30055, 30056, 30057, 30058, 30059, 30060, 30061, 30062, 30063], "checkpoint_sha256": "88c112057c8407f99a061c02db9e3d2c201c17457bcd2e9bb567bcb83c28c479", "sim_config_sha256": "fa30186703956bf40afbf42df3b8c2a29f4263419316b911a04c158e5cc1c9fa", "sim_code_sha256": "103d93e2d444ec6fae7db2ef27e65ca80118a17ac02e162192adbd13e76f5a1a", "n": 64, "successes": 61, "success_rate": 0.953125, "xy_mean_error_mm": 5.1230260569158315, "xy_median_error_mm": 3.2064518602984133, "xy_p90_error_mm": 13.289668423253612, "scope": "exploratory pilot-trained visual grasp evaluation; not final multi-session real-data evidence", "demo_is_first_scene_not_best_scene": true}, {"group": "D", "training_seed": 7, "scene_seeds": [30000, 30001, 30002, 30003, 30004, 30005, 30006, 30007, 30008, 30009, 30010, 30011, 30012, 30013, 30014, 30015, 30016, 30017, 30018, 30019, 30020, 30021, 30022, 30023, 30024, 30025, 30026, 30027, 30028, 30029, 30030, 30031, 30032, 30033, 30034, 30035, 30036, 30037, 30038, 30039, 30040, 30041, 30042, 30043, 30044, 30045, 30046, 30047, 30048, 30049, 30050, 30051, 30052, 30053, 30054, 30055, 30056, 30057, 30058, 30059, 30060, 30061, 30062, 30063], "checkpoint_sha256": "9f8ca57bb8fc1662047658bb436adabe3b8b1cf261561a4860da77442ba9c651", "sim_config_sha256": "fa30186703956bf40afbf42df3b8c2a29f4263419316b911a04c158e5cc1c9fa", "sim_code_sha256": "103d93e2d444ec6fae7db2ef27e65ca80118a17ac02e162192adbd13e76f5a1a", "n": 64, "successes": 61, "success_rate": 0.953125, "xy_mean_error_mm": 5.2474664727308635, "xy_median_error_mm": 3.096379996069109, "xy_p90_error_mm": 12.268010730770541, "scope": "exploratory pilot-trained visual grasp evaluation; not final multi-session real-data evidence", "demo_is_first_scene_not_best_scene": true}, {"group": "R", "training_seed": 7, "scene_seeds": [30000, 30001, 30002, 30003, 30004, 30005, 30006, 30007, 30008, 30009, 30010, 30011, 30012, 30013, 30014, 30015, 30016, 30017, 30018, 30019, 30020, 30021, 30022, 30023, 30024, 30025, 30026, 30027, 30028, 30029, 30030, 30031, 30032, 30033, 30034, 30035, 30036, 30037, 30038, 30039, 30040, 30041, 30042, 30043, 30044, 30045, 30046, 30047, 30048, 30049, 30050, 30051, 30052, 30053, 30054, 30055, 30056, 30057, 30058, 30059, 30060, 30061, 30062, 30063], "checkpoint_sha256": "fcc9c79cb3278967be0070b2da4f9a53597954245b6c44c9e922c7108601b5a8", "sim_config_sha256": "fa30186703956bf40afbf42df3b8c2a29f4263419316b911a04c158e5cc1c9fa", "sim_code_sha256": "103d93e2d444ec6fae7db2ef27e65ca80118a17ac02e162192adbd13e76f5a1a", "n": 64, "successes": 61, "success_rate": 0.953125, "xy_mean_error_mm": 5.978659710933954, "xy_median_error_mm": 4.577015338900112, "xy_p90_error_mm": 12.810444552752566, "scope": "exploratory pilot-trained visual grasp evaluation; not final multi-session real-data evidence", "demo_is_first_scene_not_best_scene": true}]
