pybullet build time: Oct 21 2025 11:46:21
argv[0]=--background_color_red=0.9607843160629272
argv[1]=--background_color_green=0.9607843160629272
argv[2]=--background_color_blue=0.9607843160629272
A train_seed=27 scene=30000 success=True xy_error=2.76mm
A train_seed=27 scene=30001 success=True xy_error=1.89mm
A train_seed=27 scene=30002 success=True xy_error=7.04mm
A train_seed=27 scene=30003 success=True xy_error=13.65mm
A train_seed=27 scene=30004 success=True xy_error=1.64mm
A train_seed=27 scene=30005 success=True xy_error=6.41mm
A train_seed=27 scene=30006 success=True xy_error=0.54mm
A train_seed=27 scene=30007 success=True xy_error=6.38mm
A train_seed=27 scene=30008 success=True xy_error=12.08mm
A train_seed=27 scene=30009 success=True xy_error=2.36mm
A train_seed=27 scene=30010 success=True xy_error=5.46mm
A train_seed=27 scene=30011 success=True xy_error=2.96mm
A train_seed=27 scene=30012 success=True xy_error=2.84mm
A train_seed=27 scene=30013 success=True xy_error=0.65mm
A train_seed=27 scene=30014 success=True xy_error=15.03mm
A train_seed=27 scene=30015 success=True xy_error=0.55mm
A train_seed=27 scene=30016 success=True xy_error=4.12mm
A train_seed=27 scene=30017 success=True xy_error=1.92mm
A train_seed=27 scene=30018 success=True xy_error=2.77mm
A train_seed=27 scene=30019 success=True xy_error=3.94mm
A train_seed=27 scene=30020 success=True xy_error=2.38mm
A train_seed=27 scene=30021 success=True xy_error=2.01mm
A train_seed=27 scene=30022 success=True xy_error=0.22mm
A train_seed=27 scene=30023 success=True xy_error=6.69mm
A train_seed=27 scene=30024 success=True xy_error=3.50mm
A train_seed=27 scene=30025 success=True xy_error=3.02mm
A train_seed=27 scene=30026 success=True xy_error=1.80mm
A train_seed=27 scene=30027 success=True xy_error=4.29mm
A train_seed=27 scene=30028 success=True xy_error=1.23mm
A train_seed=27 scene=30029 success=True xy_error=2.01mm
A train_seed=27 scene=30030 success=True xy_error=1.21mm
A train_seed=27 scene=30031 success=True xy_error=13.75mm
A train_seed=27 scene=30032 success=True xy_error=0.38mm
A train_seed=27 scene=30033 success=True xy_error=4.36mm
A train_seed=27 scene=30034 success=True xy_error=2.19mm
A train_seed=27 scene=30035 success=True xy_error=1.06mm
A train_seed=27 scene=30036 success=True xy_error=3.31mm
A train_seed=27 scene=30037 success=True xy_error=3.37mm
A train_seed=27 scene=30038 success=False xy_error=24.06mm
A train_seed=27 scene=30039 success=True xy_error=4.17mm
A train_seed=27 scene=30040 success=True xy_error=1.75mm
A train_seed=27 scene=30041 success=True xy_error=4.35mm
A train_seed=27 scene=30042 success=True xy_error=2.74mm
A train_seed=27 scene=30043 success=True xy_error=1.77mm
A train_seed=27 scene=30044 success=False xy_error=16.61mm
A train_seed=27 scene=30045 success=True xy_error=1.59mm
A train_seed=27 scene=30046 success=True xy_error=1.27mm
A train_seed=27 scene=30047 success=True xy_error=4.57mm
A train_seed=27 scene=30048 success=True xy_error=10.15mm
A train_seed=27 scene=30049 success=True xy_error=1.44mm
A train_seed=27 scene=30050 success=True xy_error=5.16mm
A train_seed=27 scene=30051 success=True xy_error=1.47mm
A train_seed=27 scene=30052 success=True xy_error=5.11mm
A train_seed=27 scene=30053 success=True xy_error=3.90mm
A train_seed=27 scene=30054 success=True xy_error=14.33mm
A train_seed=27 scene=30055 success=True xy_error=2.25mm
A train_seed=27 scene=30056 success=False xy_error=22.79mm
A train_seed=27 scene=30057 success=True xy_error=5.45mm
A train_seed=27 scene=30058 success=True xy_error=1.20mm
A train_seed=27 scene=30059 success=True xy_error=11.40mm
A train_seed=27 scene=30060 success=True xy_error=2.70mm
A train_seed=27 scene=30061 success=True xy_error=2.33mm
A train_seed=27 scene=30062 success=True xy_error=6.76mm
A train_seed=27 scene=30063 success=True xy_error=1.50mm
B train_seed=27 scene=30000 success=True xy_error=2.67mm
B train_seed=27 scene=30001 success=True xy_error=3.05mm
B train_seed=27 scene=30002 success=True xy_error=9.36mm
B train_seed=27 scene=30003 success=True xy_error=13.78mm
B train_seed=27 scene=30004 success=True xy_error=2.97mm
B train_seed=27 scene=30005 success=True xy_error=7.38mm
B train_seed=27 scene=30006 success=True xy_error=0.65mm
B train_seed=27 scene=30007 success=True xy_error=6.10mm
B train_seed=27 scene=30008 success=True xy_error=11.95mm
B train_seed=27 scene=30009 success=True xy_error=3.79mm
B train_seed=27 scene=30010 success=True xy_error=3.86mm
B train_seed=27 scene=30011 success=True xy_error=1.75mm
B train_seed=27 scene=30012 success=True xy_error=3.21mm
B train_seed=27 scene=30013 success=True xy_error=1.74mm
B train_seed=27 scene=30014 success=False xy_error=15.79mm
B train_seed=27 scene=30015 success=True xy_error=0.57mm
B train_seed=27 scene=30016 success=True xy_error=3.58mm
B train_seed=27 scene=30017 success=True xy_error=2.32mm
B train_seed=27 scene=30018 success=True xy_error=3.67mm
B train_seed=27 scene=30019 success=True xy_error=5.77mm
B train_seed=27 scene=30020 success=True xy_error=3.32mm
B train_seed=27 scene=30021 success=True xy_error=4.32mm
B train_seed=27 scene=30022 success=True xy_error=1.17mm
B train_seed=27 scene=30023 success=True xy_error=7.50mm
B train_seed=27 scene=30024 success=True xy_error=4.15mm
B train_seed=27 scene=30025 success=True xy_error=2.81mm
B train_seed=27 scene=30026 success=True xy_error=2.46mm
B train_seed=27 scene=30027 success=True xy_error=5.27mm
B train_seed=27 scene=30028 success=True xy_error=3.82mm
B train_seed=27 scene=30029 success=True xy_error=1.63mm
B train_seed=27 scene=30030 success=True xy_error=2.77mm
B train_seed=27 scene=30031 success=True xy_error=14.34mm
B train_seed=27 scene=30032 success=True xy_error=1.26mm
B train_seed=27 scene=30033 success=True xy_error=4.56mm
B train_seed=27 scene=30034 success=True xy_error=2.52mm
B train_seed=27 scene=30035 success=True xy_error=0.91mm
B train_seed=27 scene=30036 success=True xy_error=2.78mm
B train_seed=27 scene=30037 success=True xy_error=5.16mm
B train_seed=27 scene=30038 success=False xy_error=21.04mm
B train_seed=27 scene=30039 success=True xy_error=2.69mm
B train_seed=27 scene=30040 success=True xy_error=4.52mm
B train_seed=27 scene=30041 success=True xy_error=3.85mm
B train_seed=27 scene=30042 success=True xy_error=2.33mm
B train_seed=27 scene=30043 success=True xy_error=1.61mm
B train_seed=27 scene=30044 success=True xy_error=13.37mm
B train_seed=27 scene=30045 success=True xy_error=1.34mm
B train_seed=27 scene=30046 success=True xy_error=1.92mm
B train_seed=27 scene=30047 success=True xy_error=5.07mm
B train_seed=27 scene=30048 success=True xy_error=9.02mm
B train_seed=27 scene=30049 success=True xy_error=0.16mm
B train_seed=27 scene=30050 success=True xy_error=4.78mm
B train_seed=27 scene=30051 success=True xy_error=0.93mm
B train_seed=27 scene=30052 success=True xy_error=5.87mm
B train_seed=27 scene=30053 success=True xy_error=3.51mm
B train_seed=27 scene=30054 success=True xy_error=11.71mm
B train_seed=27 scene=30055 success=True xy_error=2.88mm
B train_seed=27 scene=30056 success=False xy_error=20.20mm
B train_seed=27 scene=30057 success=True xy_error=8.19mm
B train_seed=27 scene=30058 success=True xy_error=1.66mm
B train_seed=27 scene=30059 success=True xy_error=10.95mm
B train_seed=27 scene=30060 success=True xy_error=3.58mm
B train_seed=27 scene=30061 success=True xy_error=0.65mm
B train_seed=27 scene=30062 success=True xy_error=8.76mm
B train_seed=27 scene=30063 success=True xy_error=2.81mm
C train_seed=27 scene=30000 success=True xy_error=4.02mm
C train_seed=27 scene=30001 success=True xy_error=4.37mm
C train_seed=27 scene=30002 success=True xy_error=10.22mm
C train_seed=27 scene=30003 success=True xy_error=13.57mm
C train_seed=27 scene=30004 success=True xy_error=2.46mm
C train_seed=27 scene=30005 success=True xy_error=5.91mm
C train_seed=27 scene=30006 success=True xy_error=0.29mm
C train_seed=27 scene=30007 success=True xy_error=5.08mm
C train_seed=27 scene=30008 success=True xy_error=11.53mm
C train_seed=27 scene=30009 success=True xy_error=3.10mm
C train_seed=27 scene=30010 success=True xy_error=1.89mm
C train_seed=27 scene=30011 success=True xy_error=1.69mm
C train_seed=27 scene=30012 success=True xy_error=3.04mm
C train_seed=27 scene=30013 success=True xy_error=2.04mm
C train_seed=27 scene=30014 success=False xy_error=15.37mm
C train_seed=27 scene=30015 success=True xy_error=0.73mm
C train_seed=27 scene=30016 success=True xy_error=3.63mm
C train_seed=27 scene=30017 success=True xy_error=1.80mm
C train_seed=27 scene=30018 success=True xy_error=4.11mm
C train_seed=27 scene=30019 success=True xy_error=4.36mm
C train_seed=27 scene=30020 success=True xy_error=3.68mm
C train_seed=27 scene=30021 success=True xy_error=2.77mm
C train_seed=27 scene=30022 success=True xy_error=1.45mm
C train_seed=27 scene=30023 success=True xy_error=8.55mm
C train_seed=27 scene=30024 success=True xy_error=1.59mm
C train_seed=27 scene=30025 success=True xy_error=3.16mm
C train_seed=27 scene=30026 success=True xy_error=2.84mm
C train_seed=27 scene=30027 success=True xy_error=4.65mm
C train_seed=27 scene=30028 success=True xy_error=2.64mm
C train_seed=27 scene=30029 success=True xy_error=2.35mm
C train_seed=27 scene=30030 success=True xy_error=1.80mm
C train_seed=27 scene=30031 success=True xy_error=13.69mm
C train_seed=27 scene=30032 success=True xy_error=0.83mm
C train_seed=27 scene=30033 success=True xy_error=2.77mm
C train_seed=27 scene=30034 success=True xy_error=3.04mm
C train_seed=27 scene=30035 success=True xy_error=1.26mm
C train_seed=27 scene=30036 success=True xy_error=3.25mm
C train_seed=27 scene=30037 success=True xy_error=5.16mm
C train_seed=27 scene=30038 success=False xy_error=23.32mm
C train_seed=27 scene=30039 success=True xy_error=3.73mm
C train_seed=27 scene=30040 success=True xy_error=3.48mm
C train_seed=27 scene=30041 success=True xy_error=6.02mm
C train_seed=27 scene=30042 success=True xy_error=2.11mm
C train_seed=27 scene=30043 success=True xy_error=2.46mm
C train_seed=27 scene=30044 success=True xy_error=13.87mm
C train_seed=27 scene=30045 success=True xy_error=0.49mm
C train_seed=27 scene=30046 success=True xy_error=2.60mm
C train_seed=27 scene=30047 success=True xy_error=2.72mm
C train_seed=27 scene=30048 success=True xy_error=9.88mm
C train_seed=27 scene=30049 success=True xy_error=1.63mm
C train_seed=27 scene=30050 success=True xy_error=5.36mm
C train_seed=27 scene=30051 success=True xy_error=1.56mm
C train_seed=27 scene=30052 success=True xy_error=5.71mm
C train_seed=27 scene=30053 success=True xy_error=5.29mm
C train_seed=27 scene=30054 success=True xy_error=13.09mm
C train_seed=27 scene=30055 success=True xy_error=2.40mm
C train_seed=27 scene=30056 success=False xy_error=20.17mm
C train_seed=27 scene=30057 success=True xy_error=4.66mm
C train_seed=27 scene=30058 success=True xy_error=2.21mm
C train_seed=27 scene=30059 success=True xy_error=8.70mm
C train_seed=27 scene=30060 success=True xy_error=1.56mm
C train_seed=27 scene=30061 success=True xy_error=0.49mm
C train_seed=27 scene=30062 success=True xy_error=8.52mm
C train_seed=27 scene=30063 success=True xy_error=1.21mm
D train_seed=27 scene=30000 success=True xy_error=5.01mm
D train_seed=27 scene=30001 success=True xy_error=3.63mm
D train_seed=27 scene=30002 success=True xy_error=8.78mm
D train_seed=27 scene=30003 success=True xy_error=14.53mm
D train_seed=27 scene=30004 success=True xy_error=1.82mm
D train_seed=27 scene=30005 success=True xy_error=4.06mm
D train_seed=27 scene=30006 success=True xy_error=1.43mm
D train_seed=27 scene=30007 success=True xy_error=6.90mm
D train_seed=27 scene=30008 success=True xy_error=13.13mm
D train_seed=27 scene=30009 success=True xy_error=4.68mm
D train_seed=27 scene=30010 success=True xy_error=2.60mm
D train_seed=27 scene=30011 success=True xy_error=2.88mm
D train_seed=27 scene=30012 success=True xy_error=2.86mm
D train_seed=27 scene=30013 success=True xy_error=2.88mm
D train_seed=27 scene=30014 success=False xy_error=15.76mm
D train_seed=27 scene=30015 success=True xy_error=0.94mm
D train_seed=27 scene=30016 success=True xy_error=4.54mm
D train_seed=27 scene=30017 success=True xy_error=1.75mm
D train_seed=27 scene=30018 success=True xy_error=4.54mm
D train_seed=27 scene=30019 success=True xy_error=5.17mm
D train_seed=27 scene=30020 success=True xy_error=3.29mm
D train_seed=27 scene=30021 success=True xy_error=2.15mm
D train_seed=27 scene=30022 success=True xy_error=2.98mm
D train_seed=27 scene=30023 success=True xy_error=9.82mm
D train_seed=27 scene=30024 success=True xy_error=2.84mm
D train_seed=27 scene=30025 success=True xy_error=1.92mm
D train_seed=27 scene=30026 success=True xy_error=3.44mm
D train_seed=27 scene=30027 success=True xy_error=5.85mm
D train_seed=27 scene=30028 success=True xy_error=1.89mm
D train_seed=27 scene=30029 success=True xy_error=0.87mm
D train_seed=27 scene=30030 success=True xy_error=3.53mm
D train_seed=27 scene=30031 success=False xy_error=16.30mm
D train_seed=27 scene=30032 success=True xy_error=1.47mm
D train_seed=27 scene=30033 success=True xy_error=6.76mm
D train_seed=27 scene=30034 success=True xy_error=2.69mm
D train_seed=27 scene=30035 success=True xy_error=0.69mm
D train_seed=27 scene=30036 success=True xy_error=4.03mm
D train_seed=27 scene=30037 success=True xy_error=4.45mm
D train_seed=27 scene=30038 success=False xy_error=24.93mm
D train_seed=27 scene=30039 success=True xy_error=4.09mm
D train_seed=27 scene=30040 success=True xy_error=1.77mm
D train_seed=27 scene=30041 success=True xy_error=4.48mm
D train_seed=27 scene=30042 success=True xy_error=2.03mm
D train_seed=27 scene=30043 success=True xy_error=1.77mm
D train_seed=27 scene=30044 success=False xy_error=15.46mm
D train_seed=27 scene=30045 success=True xy_error=1.22mm
D train_seed=27 scene=30046 success=True xy_error=2.37mm
D train_seed=27 scene=30047 success=True xy_error=3.79mm
D train_seed=27 scene=30048 success=True xy_error=12.06mm
D train_seed=27 scene=30049 success=True xy_error=1.03mm
D train_seed=27 scene=30050 success=True xy_error=5.96mm
D train_seed=27 scene=30051 success=True xy_error=1.09mm
D train_seed=27 scene=30052 success=True xy_error=5.75mm
D train_seed=27 scene=30053 success=True xy_error=5.21mm
D train_seed=27 scene=30054 success=True xy_error=13.16mm
D train_seed=27 scene=30055 success=True xy_error=2.71mm
D train_seed=27 scene=30056 success=False xy_error=23.95mm
D train_seed=27 scene=30057 success=True xy_error=6.70mm
D train_seed=27 scene=30058 success=True xy_error=0.98mm
D train_seed=27 scene=30059 success=True xy_error=13.38mm
D train_seed=27 scene=30060 success=True xy_error=3.06mm
D train_seed=27 scene=30061 success=True xy_error=1.53mm
D train_seed=27 scene=30062 success=True xy_error=8.14mm
D train_seed=27 scene=30063 success=True xy_error=2.37mm
R train_seed=27 scene=30000 success=True xy_error=5.54mm
R train_seed=27 scene=30001 success=True xy_error=0.26mm
R train_seed=27 scene=30002 success=True xy_error=6.60mm
R train_seed=27 scene=30003 success=True xy_error=14.15mm
R train_seed=27 scene=30004 success=True xy_error=2.67mm
R train_seed=27 scene=30005 success=True xy_error=4.90mm
R train_seed=27 scene=30006 success=True xy_error=2.05mm
R train_seed=27 scene=30007 success=True xy_error=5.77mm
R train_seed=27 scene=30008 success=True xy_error=12.70mm
R train_seed=27 scene=30009 success=True xy_error=3.73mm
R train_seed=27 scene=30010 success=True xy_error=2.95mm
R train_seed=27 scene=30011 success=True xy_error=3.03mm
R train_seed=27 scene=30012 success=True xy_error=2.55mm
R train_seed=27 scene=30013 success=True xy_error=1.67mm
R train_seed=27 scene=30014 success=False xy_error=15.92mm
R train_seed=27 scene=30015 success=True xy_error=0.35mm
R train_seed=27 scene=30016 success=True xy_error=4.55mm
R train_seed=27 scene=30017 success=True xy_error=4.84mm
R train_seed=27 scene=30018 success=True xy_error=4.89mm
R train_seed=27 scene=30019 success=True xy_error=7.22mm
R train_seed=27 scene=30020 success=True xy_error=3.94mm
R train_seed=27 scene=30021 success=True xy_error=1.07mm
R train_seed=27 scene=30022 success=True xy_error=1.99mm
R train_seed=27 scene=30023 success=True xy_error=8.26mm
R train_seed=27 scene=30024 success=True xy_error=2.65mm
R train_seed=27 scene=30025 success=True xy_error=2.44mm
R train_seed=27 scene=30026 success=True xy_error=4.21mm
R train_seed=27 scene=30027 success=True xy_error=3.66mm
R train_seed=27 scene=30028 success=True xy_error=3.66mm
R train_seed=27 scene=30029 success=True xy_error=4.50mm
R train_seed=27 scene=30030 success=True xy_error=4.31mm
R train_seed=27 scene=30031 success=True xy_error=13.69mm
R train_seed=27 scene=30032 success=True xy_error=1.27mm
R train_seed=27 scene=30033 success=True xy_error=5.95mm
R train_seed=27 scene=30034 success=True xy_error=3.32mm
R train_seed=27 scene=30035 success=True xy_error=3.38mm
R train_seed=27 scene=30036 success=True xy_error=3.92mm
R train_seed=27 scene=30037 success=True xy_error=7.09mm
R train_seed=27 scene=30038 success=False xy_error=28.11mm
R train_seed=27 scene=30039 success=True xy_error=4.60mm
R train_seed=27 scene=30040 success=True xy_error=3.53mm
R train_seed=27 scene=30041 success=True xy_error=2.81mm
R train_seed=27 scene=30042 success=True xy_error=5.61mm
R train_seed=27 scene=30043 success=True xy_error=0.83mm
R train_seed=27 scene=30044 success=True xy_error=14.55mm
R train_seed=27 scene=30045 success=True xy_error=2.06mm
R train_seed=27 scene=30046 success=True xy_error=2.88mm
R train_seed=27 scene=30047 success=True xy_error=2.95mm
R train_seed=27 scene=30048 success=True xy_error=10.25mm
R train_seed=27 scene=30049 success=True xy_error=2.47mm
R train_seed=27 scene=30050 success=True xy_error=6.10mm
R train_seed=27 scene=30051 success=True xy_error=0.89mm
R train_seed=27 scene=30052 success=True xy_error=7.04mm
R train_seed=27 scene=30053 success=True xy_error=7.34mm
R train_seed=27 scene=30054 success=False xy_error=15.00mm
R train_seed=27 scene=30055 success=True xy_error=3.67mm
R train_seed=27 scene=30056 success=False xy_error=22.03mm
R train_seed=27 scene=30057 success=True xy_error=6.21mm
R train_seed=27 scene=30058 success=True xy_error=1.61mm
R train_seed=27 scene=30059 success=True xy_error=8.77mm
R train_seed=27 scene=30060 success=True xy_error=2.51mm
R train_seed=27 scene=30061 success=True xy_error=3.76mm
R train_seed=27 scene=30062 success=True xy_error=7.42mm
R train_seed=27 scene=30063 success=True xy_error=1.31mm
[{"group": "A", "training_seed": 27, "scene_seeds": [30000, 30001, 30002, 30003, 30004, 30005, 30006, 30007, 30008, 30009, 30010, 30011, 30012, 30013, 30014, 30015, 30016, 30017, 30018, 30019, 30020, 30021, 30022, 30023, 30024, 30025, 30026, 30027, 30028, 30029, 30030, 30031, 30032, 30033, 30034, 30035, 30036, 30037, 30038, 30039, 30040, 30041, 30042, 30043, 30044, 30045, 30046, 30047, 30048, 30049, 30050, 30051, 30052, 30053, 30054, 30055, 30056, 30057, 30058, 30059, 30060, 30061, 30062, 30063], "checkpoint_sha256": "d93fe9f11bf0a8a28857cfd826103658e0962745b36fa5e149ca8f41c78b574b", "sim_config_sha256": "fa30186703956bf40afbf42df3b8c2a29f4263419316b911a04c158e5cc1c9fa", "sim_code_sha256": "103d93e2d444ec6fae7db2ef27e65ca80118a17ac02e162192adbd13e76f5a1a", "n": 64, "successes": 61, "success_rate": 0.953125, "xy_mean_error_mm": 4.884572124690321, "xy_median_error_mm": 2.8990660500525736, "xy_p90_error_mm": 13.17770772828547, "scope": "exploratory pilot-trained visual grasp evaluation; not final multi-session real-data evidence", "demo_is_first_scene_not_best_scene": true}, {"group": "B", "training_seed": 27, "scene_seeds": [30000, 30001, 30002, 30003, 30004, 30005, 30006, 30007, 30008, 30009, 30010, 30011, 30012, 30013, 30014, 30015, 30016, 30017, 30018, 30019, 30020, 30021, 30022, 30023, 30024, 30025, 30026, 30027, 30028, 30029, 30030, 30031, 30032, 30033, 30034, 30035, 30036, 30037, 30038, 30039, 30040, 30041, 30042, 30043, 30044, 30045, 30046, 30047, 30048, 30049, 30050, 30051, 30052, 30053, 30054, 30055, 30056, 30057, 30058, 30059, 30060, 30061, 30062, 30063], "checkpoint_sha256": "ed78b319b7c54bf685dd6d1396758b28dc1477284a6b4796d925c4f172bcd1fc", "sim_config_sha256": "fa30186703956bf40afbf42df3b8c2a29f4263419316b911a04c158e5cc1c9fa", "sim_code_sha256": "103d93e2d444ec6fae7db2ef27e65ca80118a17ac02e162192adbd13e76f5a1a", "n": 64, "successes": 61, "success_rate": 0.953125, "xy_mean_error_mm": 5.127048756368674, "xy_median_error_mm": 3.5784973146210675, "xy_p90_error_mm": 11.87768030600529, "scope": "exploratory pilot-trained visual grasp evaluation; not final multi-session real-data evidence", "demo_is_first_scene_not_best_scene": true}, {"group": "C", "training_seed": 27, "scene_seeds": [30000, 30001, 30002, 30003, 30004, 30005, 30006, 30007, 30008, 30009, 30010, 30011, 30012, 30013, 30014, 30015, 30016, 30017, 30018, 30019, 30020, 30021, 30022, 30023, 30024, 30025, 30026, 30027, 30028, 30029, 30030, 30031, 30032, 30033, 30034, 30035, 30036, 30037, 30038, 30039, 30040, 30041, 30042, 30043, 30044, 30045, 30046, 30047, 30048, 30049, 30050, 30051, 30052, 30053, 30054, 30055, 30056, 30057, 30058, 30059, 30060, 30061, 30062, 30063], "checkpoint_sha256": "e25eb24d8a322360e939f5cfd9ceadb81f4edd1ea5f73767a732ff6beeddb60d", "sim_config_sha256": "fa30186703956bf40afbf42df3b8c2a29f4263419316b911a04c158e5cc1c9fa", "sim_code_sha256": "103d93e2d444ec6fae7db2ef27e65ca80118a17ac02e162192adbd13e76f5a1a", "n": 64, "successes": 61, "success_rate": 0.953125, "xy_mean_error_mm": 4.968054458130956, "xy_median_error_mm": 3.128235522661745, "xy_p90_error_mm": 12.61997157340851, "scope": "exploratory pilot-trained visual grasp evaluation; not final multi-session real-data evidence", "demo_is_first_scene_not_best_scene": true}, {"group": "D", "training_seed": 27, "scene_seeds": [30000, 30001, 30002, 30003, 30004, 30005, 30006, 30007, 30008, 30009, 30010, 30011, 30012, 30013, 30014, 30015, 30016, 30017, 30018, 30019, 30020, 30021, 30022, 30023, 30024, 30025, 30026, 30027, 30028, 30029, 30030, 30031, 30032, 30033, 30034, 30035, 30036, 30037, 30038, 30039, 30040, 30041, 30042, 30043, 30044, 30045, 30046, 30047, 30048, 30049, 30050, 30051, 30052, 30053, 30054, 30055, 30056, 30057, 30058, 30059, 30060, 30061, 30062, 30063], "checkpoint_sha256": "3a10fdf3849b5637d86cde8a1d29f12bd50c124789cdcfddcb8b73884f44d77c", "sim_config_sha256": "fa30186703956bf40afbf42df3b8c2a29f4263419316b911a04c158e5cc1c9fa", "sim_code_sha256": "103d93e2d444ec6fae7db2ef27e65ca80118a17ac02e162192adbd13e76f5a1a", "n": 64, "successes": 59, "success_rate": 0.921875, "xy_mean_error_mm": 5.497653802060923, "xy_median_error_mm": 3.5797297907609487, "xy_p90_error_mm": 13.315700799333076, "scope": "exploratory pilot-trained visual grasp evaluation; not final multi-session real-data evidence", "demo_is_first_scene_not_best_scene": true}, {"group": "R", "training_seed": 27, "scene_seeds": [30000, 30001, 30002, 30003, 30004, 30005, 30006, 30007, 30008, 30009, 30010, 30011, 30012, 30013, 30014, 30015, 30016, 30017, 30018, 30019, 30020, 30021, 30022, 30023, 30024, 30025, 30026, 30027, 30028, 30029, 30030, 30031, 30032, 30033, 30034, 30035, 30036, 30037, 30038, 30039, 30040, 30041, 30042, 30043, 30044, 30045, 30046, 30047, 30048, 30049, 30050, 30051, 30052, 30053, 30054, 30055, 30056, 30057, 30058, 30059, 30060, 30061, 30062, 30063], "checkpoint_sha256": "e3f508111c87e16b41dd255204940e06768feb84ee4bf6ce5f546bd842a0a34b", "sim_config_sha256": "fa30186703956bf40afbf42df3b8c2a29f4263419316b911a04c158e5cc1c9fa", "sim_code_sha256": "103d93e2d444ec6fae7db2ef27e65ca80118a17ac02e162192adbd13e76f5a1a", "n": 64, "successes": 60, "success_rate": 0.9375, "xy_mean_error_mm": 5.6233783602838745, "xy_median_error_mm": 3.933906345451849, "xy_p90_error_mm": 13.39557925305137, "scope": "exploratory pilot-trained visual grasp evaluation; not final multi-session real-data evidence", "demo_is_first_scene_not_best_scene": true}]
